<svg xmlns="http://www.w3.org/2000/svg" xmlns:svg="http://www.w3.org/2000/svg" xmlns:rdf="http://www.w3.org/1999/02/22-rdf-syntax-ns#" xmlns:cc="http://creativecommons.org/ns#" xmlns:dc="http://purl.org/dc/elements/1.1/" version="1.1" id="Layer_1" x="0px" y="0px" viewBox="0 0 215.89999999999998 279.4" xml:space="preserve" width="215.89999999999998mm" height="279.4mm"><ns0:namedview xmlns:ns0="http://sodipodi.sourceforge.net/DTD/sodipodi-0.dtd"><ns0:page xmlns:ns0="http://www.inkscape.org/namespaces/inkscape" width="215.89999999999998" height="279.4" x="0.0" y="0"/><ns0:page xmlns:ns0="http://www.inkscape.org/namespaces/inkscape" width="215.89999999999998" height="279.4" x="220.89999999999998" y="0"/></ns0:namedview><g xmlns:ns1="http://www.inkscape.org/namespaces/inkscape" ns1:groupmode="layer" ns1:label="Book Art"><g transform="translate(77.0647, 37.1968)"><text y="208.64317350000002" style="text-anchor:middle;font-size:2.54"><tspan x="315.2853446271977" style="text-anchor:middle;font-size:1.27;fill:grey">250</tspan><tspan x="302.58534462719757">240</tspan><tspan x="277.18534462719737">220</tspan><tspan x="251.7853446271972">200</tspan><tspan x="226.38534462719727">180</tspan><tspan x="200.98534462719735">160</tspan><tspan x="188.2853446271974" style="text-anchor:middle;font-size:1.27;fill:grey">150</tspan><tspan x="315.2853446271977" style="text-anchor:middle;font-size:1.27;fill:grey">250</tspan><tspan x="302.58534462719757">240</tspan><tspan x="277.18534462719737">220</tspan><tspan x="251.7853446271972">200</tspan><tspan x="226.38534462719727">180</tspan><tspan x="200.98534462719735">160</tspan><tspan x="188.2853446271974" style="text-anchor:middle;font-size:1.27;fill:grey">150</tspan><tspan x="315.2853446271977" style="text-anchor:middle;font-size:1.27;fill:grey">250</tspan><tspan x="302.58534462719757">240</tspan><tspan x="277.18534462719737">220</tspan><tspan x="251.7853446271972">200</tspan><tspan x="226.38534462719727">180</tspan><tspan x="200.98534462719735">160</tspan><tspan x="188.2853446271974" style="text-anchor:middle;font-size:1.27;fill:grey">150</tspan><tspan x="315.2853446271977" style="text-anchor:middle;font-size:1.27;fill:grey">250</tspan><tspan x="302.58534462719757">240</tspan><tspan x="277.18534462719737">220</tspan><tspan x="251.7853446271972">200</tspan><tspan x="226.38534462719727">180</tspan><tspan x="200.98534462719735">160</tspan><tspan x="188.2853446271974" style="text-anchor:middle;font-size:1.27;fill:grey">150</tspan></text><path style="fill:none;stroke:#ed333b;stroke-width:0.5079999999999999" d="M 200.98534462719735 0.9031735000000438 L 200.98534462719735 204.10317350000003 M 226.38534462719727 0.9031735000000438 L 226.38534462719727 204.10317350000003 M 251.7853446271972 0.9031735000000438 L 251.7853446271972 204.10317350000003 M 277.18534462719737 0.9031735000000438 L 277.18534462719737 204.10317350000003 M 302.58534462719757 0.9031735000000438 L 302.58534462719757 204.10317350000003 "/><path style="fill:none;stroke:#ffbe6f;stroke-width:0.5079999999999999" d="M 188.2853446271974 0.9031735000000438 L 188.2853446271974 204.10317350000003 M 213.6853446271973 0.9031735000000438 L 213.6853446271973 204.10317350000003 M 239.08534462719723 0.9031735000000438 L 239.08534462719723 204.10317350000003 M 264.48534462719726 0.9031735000000438 L 264.48534462719726 204.10317350000003 M 289.88534462719747 0.9031735000000438 L 289.88534462719747 204.10317350000003 M 315.2853446271977 0.9031735000000438 L 315.2853446271977 204.10317350000003 "/><path style="fill:none;stroke:#f9f06b;stroke-width:0.5079999999999999" d="M 190.82534462719738 0.9031735000000438 L 190.82534462719738 204.10317350000003 M 193.36534462719737 0.9031735000000438 L 193.36534462719737 204.10317350000003 M 195.90534462719737 0.9031735000000438 L 195.90534462719737 204.10317350000003 M 198.44534462719736 0.9031735000000438 L 198.44534462719736 204.10317350000003 M 203.52534462719734 0.9031735000000438 L 203.52534462719734 204.10317350000003 M 206.06534462719733 0.9031735000000438 L 206.06534462719733 204.10317350000003 M 208.60534462719733 0.9031735000000438 L 208.60534462719733 204.10317350000003 M 211.14534462719732 0.9031735000000438 L 211.14534462719732 204.10317350000003 M 216.2253446271973 0.9031735000000438 L 216.2253446271973 204.10317350000003 M 218.7653446271973 0.9031735000000438 L 218.7653446271973 204.10317350000003 M 221.3053446271973 0.9031735000000438 L 221.3053446271973 204.10317350000003 M 223.84534462719728 0.9031735000000438 L 223.84534462719728 204.10317350000003 M 228.92534462719726 0.9031735000000438 L 228.92534462719726 204.10317350000003 M 231.46534462719725 0.9031735000000438 L 231.46534462719725 204.10317350000003 M 234.00534462719725 0.9031735000000438 L 234.00534462719725 204.10317350000003 M 236.54534462719724 0.9031735000000438 L 236.54534462719724 204.10317350000003 M 241.62534462719722 0.9031735000000438 L 241.62534462719722 204.10317350000003 M 244.16534462719721 0.9031735000000438 L 244.16534462719721 204.10317350000003 M 246.7053446271972 0.9031735000000438 L 246.7053446271972 204.10317350000003 M 249.2453446271972 0.9031735000000438 L 249.2453446271972 204.10317350000003 M 254.32534462719718 0.9031735000000438 L 254.32534462719718 204.10317350000003 M 256.8653446271972 0.9031735000000438 L 256.8653446271972 204.10317350000003 M 259.4053446271972 0.9031735000000438 L 259.4053446271972 204.10317350000003 M 261.94534462719724 0.9031735000000438 L 261.94534462719724 204.10317350000003 M 267.0253446271973 0.9031735000000438 L 267.0253446271973 204.10317350000003 M 269.5653446271973 0.9031735000000438 L 269.5653446271973 204.10317350000003 M 272.1053446271973 0.9031735000000438 L 272.1053446271973 204.10317350000003 M 274.64534462719735 0.9031735000000438 L 274.64534462719735 204.10317350000003 M 279.7253446271974 0.9031735000000438 L 279.7253446271974 204.10317350000003 M 282.2653446271974 0.9031735000000438 L 282.2653446271974 204.10317350000003 M 284.8053446271974 0.9031735000000438 L 284.8053446271974 204.10317350000003 M 287.34534462719745 0.9031735000000438 L 287.34534462719745 204.10317350000003 M 292.4253446271975 0.9031735000000438 L 292.4253446271975 204.10317350000003 M 294.9653446271975 0.9031735000000438 L 294.9653446271975 204.10317350000003 M 297.50534462719753 0.9031735000000438 L 297.50534462719753 204.10317350000003 M 300.04534462719755 0.9031735000000438 L 300.04534462719755 204.10317350000003 M 305.1253446271976 0.9031735000000438 L 305.1253446271976 204.10317350000003 M 307.6653446271976 0.9031735000000438 L 307.6653446271976 204.10317350000003 M 310.20534462719763 0.9031735000000438 L 310.20534462719763 204.10317350000003 M 312.74534462719765 0.9031735000000438 L 312.74534462719765 204.10317350000003 "/><path style="fill:none;stroke:#000000;stroke-width:0.5079999999999999" d="M 188.2853446271974 0.9031735000000438 L 188.2853446271974 204.10317350000003 M 190.82534462719738 0.9031735000000438 L 190.82534462719738 204.10317350000003 M 193.36534462719737 0.9031735000000438 L 193.36534462719737 204.10317350000003 M 195.90534462719737 0.9031735000000438 L 195.90534462719737 204.10317350000003 M 198.44534462719736 0.9031735000000438 L 198.44534462719736 204.10317350000003 M 200.98534462719735 0.9031735000000438 L 200.98534462719735 204.10317350000003 M 203.52534462719734 0.9031735000000438 L 203.52534462719734 204.10317350000003 M 206.06534462719733 0.9031735000000438 L 206.06534462719733 204.10317350000003 M 208.60534462719733 0.9031735000000438 L 208.60534462719733 204.10317350000003 M 211.14534462719732 0.9031735000000438 L 211.14534462719732 204.10317350000003 M 213.6853446271973 0.9031735000000438 L 213.6853446271973 204.10317350000003 M 216.2253446271973 0.9031735000000438 L 216.2253446271973 204.10317350000003 M 218.7653446271973 0.9031735000000438 L 218.7653446271973 204.10317350000003 M 221.3053446271973 0.9031735000000438 L 221.3053446271973 204.10317350000003 M 223.84534462719728 0.9031735000000438 L 223.84534462719728 204.10317350000003 M 226.38534462719727 0.9031735000000438 L 226.38534462719727 204.10317350000003 M 228.92534462719726 0.9031735000000438 L 228.92534462719726 204.10317350000003 M 231.46534462719725 0.9031735000000438 L 231.46534462719725 204.10317350000003 M 234.00534462719725 0.9031735000000438 L 234.00534462719725 204.10317350000003 M 236.54534462719724 0.9031735000000438 L 236.54534462719724 204.10317350000003 M 239.08534462719723 0.9031735000000438 L 239.08534462719723 204.10317350000003 M 241.62534462719722 0.9031735000000438 L 241.62534462719722 204.10317350000003 M 244.16534462719721 0.9031735000000438 L 244.16534462719721 204.10317350000003 M 246.7053446271972 0.9031735000000438 L 246.7053446271972 204.10317350000003 M 249.2453446271972 0.9031735000000438 L 249.2453446271972 204.10317350000003 M 251.7853446271972 0.9031735000000438 L 251.7853446271972 204.10317350000003 M 254.32534462719718 0.9031735000000438 L 254.32534462719718 204.10317350000003 M 256.8653446271972 0.9031735000000438 L 256.8653446271972 204.10317350000003 M 259.4053446271972 0.9031735000000438 L 259.4053446271972 204.10317350000003 M 261.94534462719724 0.9031735000000438 L 261.94534462719724 204.10317350000003 M 264.48534462719726 0.9031735000000438 L 264.48534462719726 204.10317350000003 M 267.0253446271973 0.9031735000000438 L 267.0253446271973 204.10317350000003 M 269.5653446271973 0.9031735000000438 L 269.5653446271973 204.10317350000003 M 272.1053446271973 0.9031735000000438 L 272.1053446271973 204.10317350000003 M 274.64534462719735 0.9031735000000438 L 274.64534462719735 204.10317350000003 M 277.18534462719737 0.9031735000000438 L 277.18534462719737 204.10317350000003 M 279.7253446271974 0.9031735000000438 L 279.7253446271974 204.10317350000003 M 282.2653446271974 0.9031735000000438 L 282.2653446271974 204.10317350000003 M 284.8053446271974 0.9031735000000438 L 284.8053446271974 204.10317350000003 M 287.34534462719745 0.9031735000000438 L 287.34534462719745 204.10317350000003 M 289.88534462719747 0.9031735000000438 L 289.88534462719747 204.10317350000003 M 292.4253446271975 0.9031735000000438 L 292.4253446271975 204.10317350000003 M 294.9653446271975 0.9031735000000438 L 294.9653446271975 204.10317350000003 M 297.50534462719753 0.9031735000000438 L 297.50534462719753 204.10317350000003 M 300.04534462719755 0.9031735000000438 L 300.04534462719755 204.10317350000003 M 302.58534462719757 0.9031735000000438 L 302.58534462719757 204.10317350000003 M 305.1253446271976 0.9031735000000438 L 305.1253446271976 204.10317350000003 M 307.6653446271976 0.9031735000000438 L 307.6653446271976 204.10317350000003 M 310.20534462719763 0.9031735000000438 L 310.20534462719763 204.10317350000003 M 312.74534462719765 0.9031735000000438 L 312.74534462719765 204.10317350000003 M 315.2853446271977 0.9031735000000438 L 315.2853446271977 204.10317350000003 " clip-path="url(#clipPath5815)"/></g><g transform="translate(14.9147, 37.1968)"><text y="208.64317350000002" style="text-anchor:middle;font-size:2.54"><tspan x="185.74534462719737" style="text-anchor:middle;font-size:1.27;fill:grey">148</tspan><tspan x="175.5853446271974">140</tspan><tspan x="150.18534462719748">120</tspan><tspan x="124.78534462719753">100</tspan><tspan x="99.38534462719747">80</tspan><tspan x="73.9853446271974">60</tspan><tspan x="48.58534462719739">40</tspan><tspan x="23.185344627197395">20</tspan><tspan x="-2.2146553728026">0</tspan><tspan x="185.74534462719737" style="text-anchor:middle;font-size:1.27;fill:grey">148</tspan><tspan x="175.5853446271974">140</tspan><tspan x="150.18534462719748">120</tspan><tspan x="124.78534462719753">100</tspan><tspan x="99.38534462719747">80</tspan><tspan x="73.9853446271974">60</tspan><tspan x="48.58534462719739">40</tspan><tspan x="23.185344627197395">20</tspan><tspan x="-2.2146553728026">0</tspan><tspan x="185.74534462719737" style="text-anchor:middle;font-size:1.27;fill:grey">148</tspan><tspan x="175.5853446271974">140</tspan><tspan x="150.18534462719748">120</tspan><tspan x="124.78534462719753">100</tspan><tspan x="99.38534462719747">80</tspan><tspan x="73.9853446271974">60</tspan><tspan x="48.58534462719739">40</tspan><tspan x="23.185344627197395">20</tspan><tspan x="-2.2146553728026">0</tspan><tspan x="185.74534462719737" style="text-anchor:middle;font-size:1.27;fill:grey">148</tspan><tspan x="175.5853446271974">140</tspan><tspan x="150.18534462719748">120</tspan><tspan x="124.78534462719753">100</tspan><tspan x="99.38534462719747">80</tspan><tspan x="73.9853446271974">60</tspan><tspan x="48.58534462719739">40</tspan><tspan x="23.185344627197395">20</tspan><tspan x="-2.2146553728026">0</tspan></text><path style="fill:none;stroke:#ed333b;stroke-width:0.5079999999999999" d="M -2.2146553728026 0.9031735000000438 L -2.2146553728026 204.10317350000003 M 23.185344627197395 0.9031735000000438 L 23.185344627197395 204.10317350000003 M 48.58534462719739 0.9031735000000438 L 48.58534462719739 204.10317350000003 M 73.9853446271974 0.9031735000000438 L 73.9853446271974 204.10317350000003 M 99.38534462719747 0.9031735000000438 L 99.38534462719747 204.10317350000003 M 124.78534462719753 0.9031735000000438 L 124.78534462719753 204.10317350000003 M 150.18534462719748 0.9031735000000438 L 150.18534462719748 204.10317350000003 M 175.5853446271974 0.9031735000000438 L 175.5853446271974 204.10317350000003 "/><path style="fill:none;stroke:#ffbe6f;stroke-width:0.5079999999999999" d="M 10.4853446271974 0.9031735000000438 L 10.4853446271974 204.10317350000003 M 35.88534462719739 0.9031735000000438 L 35.88534462719739 204.10317350000003 M 61.28534462719738 0.9031735000000438 L 61.28534462719738 204.10317350000003 M 86.68534462719744 0.9031735000000438 L 86.68534462719744 204.10317350000003 M 112.0853446271975 0.9031735000000438 L 112.0853446271975 204.10317350000003 M 137.48534462719752 0.9031735000000438 L 137.48534462719752 204.10317350000003 M 162.88534462719744 0.9031735000000438 L 162.88534462719744 204.10317350000003 "/><path style="fill:none;stroke:#f9f06b;stroke-width:0.5079999999999999" d="M 0.3253446271974001 0.9031735000000438 L 0.3253446271974001 204.10317350000003 M 2.8653446271974 0.9031735000000438 L 2.8653446271974 204.10317350000003 M 5.4053446271974 0.9031735000000438 L 5.4053446271974 204.10317350000003 M 7.9453446271974 0.9031735000000438 L 7.9453446271974 204.10317350000003 M 13.025344627197398 0.9031735000000438 L 13.025344627197398 204.10317350000003 M 15.565344627197398 0.9031735000000438 L 15.565344627197398 204.10317350000003 M 18.105344627197397 0.9031735000000438 L 18.105344627197397 204.10317350000003 M 20.645344627197396 0.9031735000000438 L 20.645344627197396 204.10317350000003 M 25.725344627197394 0.9031735000000438 L 25.725344627197394 204.10317350000003 M 28.265344627197393 0.9031735000000438 L 28.265344627197393 204.10317350000003 M 30.805344627197393 0.9031735000000438 L 30.805344627197393 204.10317350000003 M 33.34534462719739 0.9031735000000438 L 33.34534462719739 204.10317350000003 M 38.42534462719739 0.9031735000000438 L 38.42534462719739 204.10317350000003 M 40.96534462719739 0.9031735000000438 L 40.96534462719739 204.10317350000003 M 43.50534462719739 0.9031735000000438 L 43.50534462719739 204.10317350000003 M 46.04534462719739 0.9031735000000438 L 46.04534462719739 204.10317350000003 M 51.125344627197386 0.9031735000000438 L 51.125344627197386 204.10317350000003 M 53.665344627197385 0.9031735000000438 L 53.665344627197385 204.10317350000003 M 56.205344627197384 0.9031735000000438 L 56.205344627197384 204.10317350000003 M 58.74534462719738 0.9031735000000438 L 58.74534462719738 204.10317350000003 M 63.82534462719738 0.9031735000000438 L 63.82534462719738 204.10317350000003 M 66.36534462719739 0.9031735000000438 L 66.36534462719739 204.10317350000003 M 68.9053446271974 0.9031735000000438 L 68.9053446271974 204.10317350000003 M 71.4453446271974 0.9031735000000438 L 71.4453446271974 204.10317350000003 M 76.52534462719741 0.9031735000000438 L 76.52534462719741 204.10317350000003 M 79.06534462719742 0.9031735000000438 L 79.06534462719742 204.10317350000003 M 81.60534462719743 0.9031735000000438 L 81.60534462719743 204.10317350000003 M 84.14534462719743 0.9031735000000438 L 84.14534462719743 204.10317350000003 M 89.22534462719744 0.9031735000000438 L 89.22534462719744 204.10317350000003 M 91.76534462719745 0.9031735000000438 L 91.76534462719745 204.10317350000003 M 94.30534462719746 0.9031735000000438 L 94.30534462719746 204.10317350000003 M 96.84534462719746 0.9031735000000438 L 96.84534462719746 204.10317350000003 M 101.92534462719748 0.9031735000000438 L 101.92534462719748 204.10317350000003 M 104.46534462719748 0.9031735000000438 L 104.46534462719748 204.10317350000003 M 107.00534462719749 0.9031735000000438 L 107.00534462719749 204.10317350000003 M 109.5453446271975 0.9031735000000438 L 109.5453446271975 204.10317350000003 M 114.6253446271975 0.9031735000000438 L 114.6253446271975 204.10317350000003 M 117.16534462719751 0.9031735000000438 L 117.16534462719751 204.10317350000003 M 119.70534462719752 0.9031735000000438 L 119.70534462719752 204.10317350000003 M 122.24534462719753 0.9031735000000438 L 122.24534462719753 204.10317350000003 M 127.32534462719754 0.9031735000000438 L 127.32534462719754 204.10317350000003 M 129.86534462719754 0.9031735000000438 L 129.86534462719754 204.10317350000003 M 132.40534462719754 0.9031735000000438 L 132.40534462719754 204.10317350000003 M 134.94534462719753 0.9031735000000438 L 134.94534462719753 204.10317350000003 M 140.0253446271975 0.9031735000000438 L 140.0253446271975 204.10317350000003 M 142.5653446271975 0.9031735000000438 L 142.5653446271975 204.10317350000003 M 145.1053446271975 0.9031735000000438 L 145.1053446271975 204.10317350000003 M 147.6453446271975 0.9031735000000438 L 147.6453446271975 204.10317350000003 M 152.72534462719747 0.9031735000000438 L 152.72534462719747 204.10317350000003 M 155.26534462719746 0.9031735000000438 L 155.26534462719746 204.10317350000003 M 157.80534462719746 0.9031735000000438 L 157.80534462719746 204.10317350000003 M 160.34534462719745 0.9031735000000438 L 160.34534462719745 204.10317350000003 M 165.42534462719743 0.9031735000000438 L 165.42534462719743 204.10317350000003 M 167.96534462719742 0.9031735000000438 L 167.96534462719742 204.10317350000003 M 170.50534462719742 0.9031735000000438 L 170.50534462719742 204.10317350000003 M 173.0453446271974 0.9031735000000438 L 173.0453446271974 204.10317350000003 M 178.1253446271974 0.9031735000000438 L 178.1253446271974 204.10317350000003 M 180.66534462719738 0.9031735000000438 L 180.66534462719738 204.10317350000003 M 183.20534462719738 0.9031735000000438 L 183.20534462719738 204.10317350000003 M 185.74534462719737 0.9031735000000438 L 185.74534462719737 204.10317350000003 "/><path style="fill:none;stroke:#000000;stroke-width:0.5079999999999999" d="M -2.2146553728026 0.9031735000000438 L -2.2146553728026 204.10317350000003 M 0.3253446271974001 0.9031735000000438 L 0.3253446271974001 204.10317350000003 M 2.8653446271974 0.9031735000000438 L 2.8653446271974 204.10317350000003 M 5.4053446271974 0.9031735000000438 L 5.4053446271974 204.10317350000003 M 7.9453446271974 0.9031735000000438 L 7.9453446271974 204.10317350000003 M 10.4853446271974 0.9031735000000438 L 10.4853446271974 204.10317350000003 M 13.025344627197398 0.9031735000000438 L 13.025344627197398 204.10317350000003 M 15.565344627197398 0.9031735000000438 L 15.565344627197398 204.10317350000003 M 18.105344627197397 0.9031735000000438 L 18.105344627197397 204.10317350000003 M 20.645344627197396 0.9031735000000438 L 20.645344627197396 204.10317350000003 M 23.185344627197395 0.9031735000000438 L 23.185344627197395 204.10317350000003 M 25.725344627197394 0.9031735000000438 L 25.725344627197394 204.10317350000003 M 28.265344627197393 0.9031735000000438 L 28.265344627197393 204.10317350000003 M 30.805344627197393 0.9031735000000438 L 30.805344627197393 204.10317350000003 M 33.34534462719739 0.9031735000000438 L 33.34534462719739 204.10317350000003 M 35.88534462719739 0.9031735000000438 L 35.88534462719739 204.10317350000003 M 38.42534462719739 0.9031735000000438 L 38.42534462719739 204.10317350000003 M 40.96534462719739 0.9031735000000438 L 40.96534462719739 204.10317350000003 M 43.50534462719739 0.9031735000000438 L 43.50534462719739 204.10317350000003 M 46.04534462719739 0.9031735000000438 L 46.04534462719739 204.10317350000003 M 48.58534462719739 0.9031735000000438 L 48.58534462719739 204.10317350000003 M 51.125344627197386 0.9031735000000438 L 51.125344627197386 204.10317350000003 M 53.665344627197385 0.9031735000000438 L 53.665344627197385 204.10317350000003 M 56.205344627197384 0.9031735000000438 L 56.205344627197384 204.10317350000003 M 58.74534462719738 0.9031735000000438 L 58.74534462719738 204.10317350000003 M 61.28534462719738 0.9031735000000438 L 61.28534462719738 204.10317350000003 M 63.82534462719738 0.9031735000000438 L 63.82534462719738 204.10317350000003 M 66.36534462719739 0.9031735000000438 L 66.36534462719739 204.10317350000003 M 68.9053446271974 0.9031735000000438 L 68.9053446271974 204.10317350000003 M 71.4453446271974 0.9031735000000438 L 71.4453446271974 204.10317350000003 M 73.9853446271974 0.9031735000000438 L 73.9853446271974 204.10317350000003 M 76.52534462719741 0.9031735000000438 L 76.52534462719741 204.10317350000003 M 79.06534462719742 0.9031735000000438 L 79.06534462719742 204.10317350000003 M 81.60534462719743 0.9031735000000438 L 81.60534462719743 204.10317350000003 M 84.14534462719743 0.9031735000000438 L 84.14534462719743 204.10317350000003 M 86.68534462719744 0.9031735000000438 L 86.68534462719744 204.10317350000003 M 89.22534462719744 0.9031735000000438 L 89.22534462719744 204.10317350000003 M 91.76534462719745 0.9031735000000438 L 91.76534462719745 204.10317350000003 M 94.30534462719746 0.9031735000000438 L 94.30534462719746 204.10317350000003 M 96.84534462719746 0.9031735000000438 L 96.84534462719746 204.10317350000003 M 99.38534462719747 0.9031735000000438 L 99.38534462719747 204.10317350000003 M 101.92534462719748 0.9031735000000438 L 101.92534462719748 204.10317350000003 M 104.46534462719748 0.9031735000000438 L 104.46534462719748 204.10317350000003 M 107.00534462719749 0.9031735000000438 L 107.00534462719749 204.10317350000003 M 109.5453446271975 0.9031735000000438 L 109.5453446271975 204.10317350000003 M 112.0853446271975 0.9031735000000438 L 112.0853446271975 204.10317350000003 M 114.6253446271975 0.9031735000000438 L 114.6253446271975 204.10317350000003 M 117.16534462719751 0.9031735000000438 L 117.16534462719751 204.10317350000003 M 119.70534462719752 0.9031735000000438 L 119.70534462719752 204.10317350000003 M 122.24534462719753 0.9031735000000438 L 122.24534462719753 204.10317350000003 M 124.78534462719753 0.9031735000000438 L 124.78534462719753 204.10317350000003 M 127.32534462719754 0.9031735000000438 L 127.32534462719754 204.10317350000003 M 129.86534462719754 0.9031735000000438 L 129.86534462719754 204.10317350000003 M 132.40534462719754 0.9031735000000438 L 132.40534462719754 204.10317350000003 M 134.94534462719753 0.9031735000000438 L 134.94534462719753 204.10317350000003 M 137.48534462719752 0.9031735000000438 L 137.48534462719752 204.10317350000003 M 140.0253446271975 0.9031735000000438 L 140.0253446271975 204.10317350000003 M 142.5653446271975 0.9031735000000438 L 142.5653446271975 204.10317350000003 M 145.1053446271975 0.9031735000000438 L 145.1053446271975 204.10317350000003 M 147.6453446271975 0.9031735000000438 L 147.6453446271975 204.10317350000003 M 150.18534462719748 0.9031735000000438 L 150.18534462719748 204.10317350000003 M 152.72534462719747 0.9031735000000438 L 152.72534462719747 204.10317350000003 M 155.26534462719746 0.9031735000000438 L 155.26534462719746 204.10317350000003 M 157.80534462719746 0.9031735000000438 L 157.80534462719746 204.10317350000003 M 160.34534462719745 0.9031735000000438 L 160.34534462719745 204.10317350000003 M 162.88534462719744 0.9031735000000438 L 162.88534462719744 204.10317350000003 M 165.42534462719743 0.9031735000000438 L 165.42534462719743 204.10317350000003 M 167.96534462719742 0.9031735000000438 L 167.96534462719742 204.10317350000003 M 170.50534462719742 0.9031735000000438 L 170.50534462719742 204.10317350000003 M 173.0453446271974 0.9031735000000438 L 173.0453446271974 204.10317350000003 M 175.5853446271974 0.9031735000000438 L 175.5853446271974 204.10317350000003 M 178.1253446271974 0.9031735000000438 L 178.1253446271974 204.10317350000003 M 180.66534462719738 0.9031735000000438 L 180.66534462719738 204.10317350000003 M 183.20534462719738 0.9031735000000438 L 183.20534462719738 204.10317350000003 M 185.74534462719737 0.9031735000000438 L 185.74534462719737 204.10317350000003 " clip-path="url(#clipPath5815)"/></g></g><metadata id="metadata37"><rdf:RDF><cc:Work rdf:about=""><dc:format>image/svg+xml</dc:format><dc:type rdf:resource="http://purl.org/dc/dcmitype/StillImage"/></cc:Work></rdf:RDF></metadata><defs id="defs35"><clipPath id="clipPath5815"><g transform="scale(3.13076, 1)"><path d="m 57.898584,27.516749 c 3.282202,2.018994 6.174736,4.763796 8.058843,8.148768 1.749224,2.997443 5.097776,4.568962 8.332895,5.41467 1.39167,0.391809 2.879688,0.648732 4.299192,0.22909 2.102472,-0.539541 3.804614,-1.982597 5.324746,-3.466331 3.455626,-3.018855 8.337157,-3.521998 12.734857,-3.140893 -1.779176,10.116374 -3.05311,20.369776 -2.901098,30.659574 0.147753,6.637192 0.389689,13.270118 0.689433,19.903028 0.196953,5.211273 0.618759,10.413978 0.678686,15.629525 0.237654,11.21045 0.02143,22.43589 -0.832862,33.61848 -0.922763,13.17164 -1.473008,26.36467 -1.832702,39.56199 -3.624787,-1.59934 -7.731264,-1.85628 -11.597969,-1.13046 -2.331581,0.40036 -4.543269,1.25679 -6.814903,1.8841 -4.768078,1.34456 -9.643207,2.47931 -14.612541,2.66131 -0.413241,-11.46951 -0.989157,-22.93687 -1.08122,-34.41495 -0.346848,-14.82664 -0.794323,-29.65543 -0.749361,-44.488501 -0.723669,-0.35754 -1.473031,-0.8093 -1.781318,-1.59506 -0.749361,-1.62076 -0.02997,-3.404245 -0.246219,-5.097798 -0.08777,-1.177569 -0.563092,-2.335859 -1.447337,-3.136615 -0.787878,1.132617 -1.768493,2.160306 -2.421485,3.367848 0.47959,2.537116 0.586643,5.123495 0.565233,7.701295 -0.03212,2.776911 0.511684,5.551691 0.175542,8.328601 -0.449616,4.50475 -1.363837,9.06513 -3.524138,13.09026 -0.695836,1.38099 -1.807052,2.48147 -2.646315,3.76823 -0.984896,1.48587 -1.877686,3.04026 -2.579943,4.67815 -0.466766,1.42166 -0.199137,2.95034 0.03426,4.39127 0.39395,2.24808 1.173285,4.40624 1.575799,6.65218 0.614476,3.16658 0.856413,6.39955 0.800746,9.62393 -0.181988,5.20699 -0.167,10.42041 -0.222668,15.62953 -0.102775,2.53285 -0.235513,5.11065 -1.014848,7.54287 -0.357553,1.04695 -0.99344,2.24594 -2.205243,2.42578 -1.094088,0.32116 -2.258788,-0.11135 -3.0317,-0.90351 -1.391671,-1.41094 -2.13675,-3.29721 -2.804751,-5.12563 -1.57368,-4.86014 -2.933235,-9.7888 -4.145059,-14.75171 -0.678686,2.35298 -1.252504,4.76808 -2.400097,6.95192 -0.481731,0.88853 -1.055506,1.78776 -1.926928,2.34015 -0.802886,0.50529 -1.849851,0.31259 -2.629186,-0.13494 -1.216085,-0.78576 -1.704262,-2.26093 -1.991139,-3.60764 -0.297603,-1.66572 -0.582361,-3.33786 -0.745079,-5.02287 -0.30833,-2.824 -0.0364,-5.66303 -0.02356,-8.49346 0.0022,-3.02527 0.35967,-6.03985 0.252619,-9.06728 -0.02783,-1.30169 -0.378962,-2.56274 -0.616617,-3.83453 -1.004123,-4.69957 -2.569238,-9.31133 -4.988582,-13.47778 -2.134631,-3.6419 -3.663326,-7.61137 -4.780945,-11.67505 -0.856413,-3.05954 -1.391671,-6.19614 -2.042545,-9.302791 C 9.8967179,95.66793 9.2308349,91.441539 8.6741679,87.202289 8.1453329,82.648321 8.3037689,78.040822 8.7619469,73.486839 8.6870169,71.185232 7.9590596,68.969264 7.4837501,66.729745 6.9934547,64.864908 6.6209151,62.970094 6.034272,61.133089 5.2527963,58.133503 4.8781155,55.052559 4.4284991,51.990883 3.9660354,49.839147 3.9895873,47.612473 4.2379461,45.435044 c 0.072799,-0.749359 0.246219,-1.49444 0.2012791,-2.250225 -0.5267146,0.790043 -0.4838731,1.830583 -1.0790797,2.594932 -0.068539,-1.288901 0.1798469,-2.6142 0.8328607,-3.740383 0.3746809,-0.629464 0.7001179,-1.28676 1.0212725,-1.948339 -0.5138473,0.515989 -0.9698875,1.119761 -1.6443335,1.438774 0.1327471,-1.804889 1.3317209,-3.277919 2.0939284,-4.858001 1.26747,-2.714828 3.8645413,-4.613924 6.6778574,-5.496028 2.744824,-0.873541 5.660908,-1.098349 8.525608,-0.961324 1.875544,0.267629 3.868825,0.678707 5.331148,1.97189 1.372401,1.192555 2.751248,2.376546 4.119367,3.575524 0.794323,0.627322 1.873402,0.2505 2.766192,0.07279 2.684854,-0.730091 5.388976,-1.383106 8.097403,-2.027557 2.24166,-0.569514 4.549692,-1.008426 6.874852,-0.909938 0.702259,0.01713 1.37238,0.259064 1.976173,0.614476 -3.121625,2.400098 -6.735686,4.052973 -9.942974,6.33103 -1.834842,1.26535 -3.648296,2.609919 -5.069941,4.342014 -1.749223,1.629325 -2.378687,4.072242 -2.519994,6.380274 -0.18841,2.295186 -0.370398,4.780924 0.753644,6.883417 1.879825,2.999585 4.010151,5.830029 6.076247,8.703293 2.485739,3.477036 5.091373,6.894117 7.08037,10.690167 1.841288,3.344293 2.618483,7.116802 3.900983,10.68375 1.025531,-1.01485 1.894811,-2.181702 2.988879,-3.130186 -0.451757,-2.759787 -0.974169,-5.530282 -0.942054,-8.337183 0.01072,-2.209545 0.276193,-4.41266 0.655177,-6.587949 0.192672,-0.935631 0.554527,-1.909799 1.338146,-2.511429 0.229067,-0.224809 0.608052,-0.376823 0.610193,-0.755785 1.336004,-10.298363 1.687132,-20.684507 2.297327,-31.042818 0.171239,-2.549969 0.329655,-5.106361 0.640104,-7.643483 z" id="woodpecker" style="stroke:#000000;stroke-width:0.0200829"/></g></clipPath></defs></svg>