<svg xmlns="http://www.w3.org/2000/svg" xmlns:svg="http://www.w3.org/2000/svg" xmlns:rdf="http://www.w3.org/1999/02/22-rdf-syntax-ns#" xmlns:cc="http://creativecommons.org/ns#" xmlns:dc="http://purl.org/dc/elements/1.1/" version="1.1" id="Layer_1" x="0px" y="0px" viewBox="0 0 209.99999999999997 296.99999999999994" xml:space="preserve" width="209.99999999999997mm" height="296.99999999999994mm"><ns0:namedview xmlns:ns0="http://sodipodi.sourceforge.net/DTD/sodipodi-0.dtd"><ns0:page xmlns:ns0="http://www.inkscape.org/namespaces/inkscape" width="209.99999999999997" height="296.99999999999994" x="0.0" y="0"/></ns0:namedview><g xmlns:ns1="http://www.inkscape.org/namespaces/inkscape" ns1:groupmode="layer" ns1:label="Book Art" id="g9603"><g id="Page #1" transform="translate(55.0009, 45.9969)"><text y="233.5031735" style="text-anchor:middle;font-size:3.9999999999999996"><tspan x="92.91711780604413">240</tspan><tspan x="85.45311941813264">220</tspan><tspan x="77.98912103022116">200</tspan><tspan x="70.52512264230967">180</tspan><tspan x="63.06112425439818">160</tspan><tspan x="55.59712586648669">140</tspan><tspan x="48.133127478575204">120</tspan><tspan x="40.669129090663716">100</tspan><tspan x="33.20513070275223">80</tspan><tspan x="25.74113231484074">60</tspan><tspan x="18.277133926929253">40</tspan><tspan x="10.813135539017754">20</tspan><tspan x="3.3491371511062487">0</tspan></text><path style="fill:none;stroke:#f9f06b;stroke-width:0.26499999999999996" d="M 3.34914 -22.4968 L 3.34914 227.503 M 4.09554 -22.4968 L 4.09554 227.503 M 4.84194 -22.4968 L 4.84194 227.503 M 5.58834 -22.4968 L 5.58834 227.503 M 6.33474 -22.4968 L 6.33474 227.503 M 7.08114 -22.4968 L 7.08114 227.503 M 7.82754 -22.4968 L 7.82754 227.503 M 8.57394 -22.4968 L 8.57394 227.503 M 9.32034 -22.4968 L 9.32034 227.503 M 10.0667 -22.4968 L 10.0667 227.503 M 10.8131 -22.4968 L 10.8131 227.503 M 11.5595 -22.4968 L 11.5595 227.503 M 12.3059 -22.4968 L 12.3059 227.503 M 13.0523 -22.4968 L 13.0523 227.503 M 13.7987 -22.4968 L 13.7987 227.503 M 14.5451 -22.4968 L 14.5451 227.503 M 15.2915 -22.4968 L 15.2915 227.503 M 16.0379 -22.4968 L 16.0379 227.503 M 16.7843 -22.4968 L 16.7843 227.503 M 17.5307 -22.4968 L 17.5307 227.503 M 18.2771 -22.4968 L 18.2771 227.503 M 19.0235 -22.4968 L 19.0235 227.503 M 19.7699 -22.4968 L 19.7699 227.503 M 20.5163 -22.4968 L 20.5163 227.503 M 21.2627 -22.4968 L 21.2627 227.503 M 22.0091 -22.4968 L 22.0091 227.503 M 22.7555 -22.4968 L 22.7555 227.503 M 23.5019 -22.4968 L 23.5019 227.503 M 24.2483 -22.4968 L 24.2483 227.503 M 24.9947 -22.4968 L 24.9947 227.503 M 25.7411 -22.4968 L 25.7411 227.503 M 26.4875 -22.4968 L 26.4875 227.503 M 27.2339 -22.4968 L 27.2339 227.503 M 27.9803 -22.4968 L 27.9803 227.503 M 28.7267 -22.4968 L 28.7267 227.503 M 29.4731 -22.4968 L 29.4731 227.503 M 30.2195 -22.4968 L 30.2195 227.503 M 30.9659 -22.4968 L 30.9659 227.503 M 31.7123 -22.4968 L 31.7123 227.503 M 32.4587 -22.4968 L 32.4587 227.503 M 33.2051 -22.4968 L 33.2051 227.503 M 33.9515 -22.4968 L 33.9515 227.503 M 34.6979 -22.4968 L 34.6979 227.503 M 35.4443 -22.4968 L 35.4443 227.503 M 36.1907 -22.4968 L 36.1907 227.503 M 36.9371 -22.4968 L 36.9371 227.503 M 37.6835 -22.4968 L 37.6835 227.503 M 38.4299 -22.4968 L 38.4299 227.503 M 39.1763 -22.4968 L 39.1763 227.503 M 39.9227 -22.4968 L 39.9227 227.503 M 40.6691 -22.4968 L 40.6691 227.503 M 41.4155 -22.4968 L 41.4155 227.503 M 42.1619 -22.4968 L 42.1619 227.503 M 42.9083 -22.4968 L 42.9083 227.503 M 43.6547 -22.4968 L 43.6547 227.503 M 44.4011 -22.4968 L 44.4011 227.503 M 45.1475 -22.4968 L 45.1475 227.503 M 45.8939 -22.4968 L 45.8939 227.503 M 46.6403 -22.4968 L 46.6403 227.503 M 47.3867 -22.4968 L 47.3867 227.503 M 48.1331 -22.4968 L 48.1331 227.503 M 48.8795 -22.4968 L 48.8795 227.503 M 49.6259 -22.4968 L 49.6259 227.503 M 50.3723 -22.4968 L 50.3723 227.503 M 51.1187 -22.4968 L 51.1187 227.503 M 51.8651 -22.4968 L 51.8651 227.503 M 52.6115 -22.4968 L 52.6115 227.503 M 53.3579 -22.4968 L 53.3579 227.503 M 54.1043 -22.4968 L 54.1043 227.503 M 54.8507 -22.4968 L 54.8507 227.503 M 55.5971 -22.4968 L 55.5971 227.503 M 56.3435 -22.4968 L 56.3435 227.503 M 57.0899 -22.4968 L 57.0899 227.503 M 57.8363 -22.4968 L 57.8363 227.503 M 58.5827 -22.4968 L 58.5827 227.503 M 59.3291 -22.4968 L 59.3291 227.503 M 60.0755 -22.4968 L 60.0755 227.503 M 60.8219 -22.4968 L 60.8219 227.503 M 61.5683 -22.4968 L 61.5683 227.503 M 62.3147 -22.4968 L 62.3147 227.503 M 63.0611 -22.4968 L 63.0611 227.503 M 63.8075 -22.4968 L 63.8075 227.503 M 64.5539 -22.4968 L 64.5539 227.503 M 65.3003 -22.4968 L 65.3003 227.503 M 66.0467 -22.4968 L 66.0467 227.503 M 66.7931 -22.4968 L 66.7931 227.503 M 67.5395 -22.4968 L 67.5395 227.503 M 68.2859 -22.4968 L 68.2859 227.503 M 69.0323 -22.4968 L 69.0323 227.503 M 69.7787 -22.4968 L 69.7787 227.503 M 70.5251 -22.4968 L 70.5251 227.503 M 71.2715 -22.4968 L 71.2715 227.503 M 72.0179 -22.4968 L 72.0179 227.503 M 72.7643 -22.4968 L 72.7643 227.503 M 73.5107 -22.4968 L 73.5107 227.503 M 74.2571 -22.4968 L 74.2571 227.503 M 75.0035 -22.4968 L 75.0035 227.503 M 75.7499 -22.4968 L 75.7499 227.503 M 76.4963 -22.4968 L 76.4963 227.503 M 77.2427 -22.4968 L 77.2427 227.503 M 77.9891 -22.4968 L 77.9891 227.503 M 78.7355 -22.4968 L 78.7355 227.503 M 79.4819 -22.4968 L 79.4819 227.503 M 80.2283 -22.4968 L 80.2283 227.503 M 80.9747 -22.4968 L 80.9747 227.503 M 81.7211 -22.4968 L 81.7211 227.503 M 82.4675 -22.4968 L 82.4675 227.503 M 83.2139 -22.4968 L 83.2139 227.503 M 83.9603 -22.4968 L 83.9603 227.503 M 84.7067 -22.4968 L 84.7067 227.503 M 85.4531 -22.4968 L 85.4531 227.503 M 86.1995 -22.4968 L 86.1995 227.503 M 86.9459 -22.4968 L 86.9459 227.503 M 87.6923 -22.4968 L 87.6923 227.503 M 88.4387 -22.4968 L 88.4387 227.503 M 89.1851 -22.4968 L 89.1851 227.503 M 89.9315 -22.4968 L 89.9315 227.503 M 90.6779 -22.4968 L 90.6779 227.503 M 91.4243 -22.4968 L 91.4243 227.503 M 92.1707 -22.4968 L 92.1707 227.503 M 92.9171 -22.4968 L 92.9171 227.503 M 93.6635 -22.4968 L 93.6635 227.503 M 94.4099 -22.4968 L 94.4099 227.503 M 95.1563 -22.4968 L 95.1563 227.503 M 95.9027 -22.4968 L 95.9027 227.503 M 96.6491 -22.4968 L 96.6491 227.503" id="path5392"/><path style="fill:none;stroke:#ffbe6f;stroke-width:0.26499999999999996" d="M 7.08114 -22.4968 L 7.08114 227.503 M 14.5451 -22.4968 L 14.5451 227.503 M 22.0091 -22.4968 L 22.0091 227.503 M 29.4731 -22.4968 L 29.4731 227.503 M 36.9371 -22.4968 L 36.9371 227.503 M 44.4011 -22.4968 L 44.4011 227.503 M 51.8651 -22.4968 L 51.8651 227.503 M 59.3291 -22.4968 L 59.3291 227.503 M 66.7931 -22.4968 L 66.7931 227.503 M 74.2571 -22.4968 L 74.2571 227.503 M 81.7211 -22.4968 L 81.7211 227.503 M 89.1851 -22.4968 L 89.1851 227.503 M 96.6491 -22.4968 L 96.6491 227.503"/><path style="fill:none;stroke:#ed333b;stroke-width:0.26499999999999996" d="M 3.34914 -22.4968 L 3.34914 227.503 M 10.8131 -22.4968 L 10.8131 227.503 M 18.2771 -22.4968 L 18.2771 227.503 M 25.7411 -22.4968 L 25.7411 227.503 M 33.2051 -22.4968 L 33.2051 227.503 M 40.6691 -22.4968 L 40.6691 227.503 M 48.1331 -22.4968 L 48.1331 227.503 M 55.5971 -22.4968 L 55.5971 227.503 M 63.0611 -22.4968 L 63.0611 227.503 M 70.5251 -22.4968 L 70.5251 227.503 M 77.9891 -22.4968 L 77.9891 227.503 M 85.4531 -22.4968 L 85.4531 227.503 M 92.9171 -22.4968 L 92.9171 227.503"/><path style="fill:none;stroke:#000000;stroke-width:0.26499999999999996" d="M 3.34914 -22.4968 L 3.34914 227.503 M 4.09554 -22.4968 L 4.09554 227.503 M 4.84194 -22.4968 L 4.84194 227.503 M 5.58834 -22.4968 L 5.58834 227.503 M 6.33474 -22.4968 L 6.33474 227.503 M 7.08114 -22.4968 L 7.08114 227.503 M 7.82754 -22.4968 L 7.82754 227.503 M 8.57394 -22.4968 L 8.57394 227.503 M 9.32034 -22.4968 L 9.32034 227.503 M 10.0667 -22.4968 L 10.0667 227.503 M 10.8131 -22.4968 L 10.8131 227.503 M 11.5595 -22.4968 L 11.5595 227.503 M 12.3059 -22.4968 L 12.3059 227.503 M 13.0523 -22.4968 L 13.0523 227.503 M 13.7987 -22.4968 L 13.7987 227.503 M 14.5451 -22.4968 L 14.5451 227.503 M 15.2915 -22.4968 L 15.2915 227.503 M 16.0379 -22.4968 L 16.0379 227.503 M 16.7843 -22.4968 L 16.7843 227.503 M 17.5307 -22.4968 L 17.5307 227.503 M 18.2771 -22.4968 L 18.2771 227.503 M 19.0235 -22.4968 L 19.0235 227.503 M 19.7699 -22.4968 L 19.7699 227.503 M 20.5163 -22.4968 L 20.5163 227.503 M 21.2627 -22.4968 L 21.2627 227.503 M 22.0091 -22.4968 L 22.0091 227.503 M 22.7555 -22.4968 L 22.7555 227.503 M 23.5019 -22.4968 L 23.5019 227.503 M 24.2483 -22.4968 L 24.2483 227.503 M 24.9947 -22.4968 L 24.9947 227.503 M 25.7411 -22.4968 L 25.7411 227.503 M 26.4875 -22.4968 L 26.4875 227.503 M 27.2339 -22.4968 L 27.2339 227.503 M 27.9803 -22.4968 L 27.9803 227.503 M 28.7267 -22.4968 L 28.7267 227.503 M 29.4731 -22.4968 L 29.4731 227.503 M 30.2195 -22.4968 L 30.2195 227.503 M 30.9659 -22.4968 L 30.9659 227.503 M 31.7123 -22.4968 L 31.7123 227.503 M 32.4587 -22.4968 L 32.4587 227.503 M 33.2051 -22.4968 L 33.2051 227.503 M 33.9515 -22.4968 L 33.9515 227.503 M 34.6979 -22.4968 L 34.6979 227.503 M 35.4443 -22.4968 L 35.4443 227.503 M 36.1907 -22.4968 L 36.1907 227.503 M 36.9371 -22.4968 L 36.9371 227.503 M 37.6835 -22.4968 L 37.6835 227.503 M 38.4299 -22.4968 L 38.4299 227.503 M 39.1763 -22.4968 L 39.1763 227.503 M 39.9227 -22.4968 L 39.9227 227.503 M 40.6691 -22.4968 L 40.6691 227.503 M 41.4155 -22.4968 L 41.4155 227.503 M 42.1619 -22.4968 L 42.1619 227.503 M 42.9083 -22.4968 L 42.9083 227.503 M 43.6547 -22.4968 L 43.6547 227.503 M 44.4011 -22.4968 L 44.4011 227.503 M 45.1475 -22.4968 L 45.1475 227.503 M 45.8939 -22.4968 L 45.8939 227.503 M 46.6403 -22.4968 L 46.6403 227.503 M 47.3867 -22.4968 L 47.3867 227.503 M 48.1331 -22.4968 L 48.1331 227.503 M 48.8795 -22.4968 L 48.8795 227.503 M 49.6259 -22.4968 L 49.6259 227.503 M 50.3723 -22.4968 L 50.3723 227.503 M 51.1187 -22.4968 L 51.1187 227.503 M 51.8651 -22.4968 L 51.8651 227.503 M 52.6115 -22.4968 L 52.6115 227.503 M 53.3579 -22.4968 L 53.3579 227.503 M 54.1043 -22.4968 L 54.1043 227.503 M 54.8507 -22.4968 L 54.8507 227.503 M 55.5971 -22.4968 L 55.5971 227.503 M 56.3435 -22.4968 L 56.3435 227.503 M 57.0899 -22.4968 L 57.0899 227.503 M 57.8363 -22.4968 L 57.8363 227.503 M 58.5827 -22.4968 L 58.5827 227.503 M 59.3291 -22.4968 L 59.3291 227.503 M 60.0755 -22.4968 L 60.0755 227.503 M 60.8219 -22.4968 L 60.8219 227.503 M 61.5683 -22.4968 L 61.5683 227.503 M 62.3147 -22.4968 L 62.3147 227.503 M 63.0611 -22.4968 L 63.0611 227.503 M 63.8075 -22.4968 L 63.8075 227.503 M 64.5539 -22.4968 L 64.5539 227.503 M 65.3003 -22.4968 L 65.3003 227.503 M 66.0467 -22.4968 L 66.0467 227.503 M 66.7931 -22.4968 L 66.7931 227.503 M 67.5395 -22.4968 L 67.5395 227.503 M 68.2859 -22.4968 L 68.2859 227.503 M 69.0323 -22.4968 L 69.0323 227.503 M 69.7787 -22.4968 L 69.7787 227.503 M 70.5251 -22.4968 L 70.5251 227.503 M 71.2715 -22.4968 L 71.2715 227.503 M 72.0179 -22.4968 L 72.0179 227.503 M 72.7643 -22.4968 L 72.7643 227.503 M 73.5107 -22.4968 L 73.5107 227.503 M 74.2571 -22.4968 L 74.2571 227.503 M 75.0035 -22.4968 L 75.0035 227.503 M 75.7499 -22.4968 L 75.7499 227.503 M 76.4963 -22.4968 L 76.4963 227.503 M 77.2427 -22.4968 L 77.2427 227.503 M 77.9891 -22.4968 L 77.9891 227.503 M 78.7355 -22.4968 L 78.7355 227.503 M 79.4819 -22.4968 L 79.4819 227.503 M 80.2283 -22.4968 L 80.2283 227.503 M 80.9747 -22.4968 L 80.9747 227.503 M 81.7211 -22.4968 L 81.7211 227.503 M 82.4675 -22.4968 L 82.4675 227.503 M 83.2139 -22.4968 L 83.2139 227.503 M 83.9603 -22.4968 L 83.9603 227.503 M 84.7067 -22.4968 L 84.7067 227.503 M 85.4531 -22.4968 L 85.4531 227.503 M 86.1995 -22.4968 L 86.1995 227.503 M 86.9459 -22.4968 L 86.9459 227.503 M 87.6923 -22.4968 L 87.6923 227.503 M 88.4387 -22.4968 L 88.4387 227.503 M 89.1851 -22.4968 L 89.1851 227.503 M 89.9315 -22.4968 L 89.9315 227.503 M 90.6779 -22.4968 L 90.6779 227.503 M 91.4243 -22.4968 L 91.4243 227.503 M 92.1707 -22.4968 L 92.1707 227.503 M 92.9171 -22.4968 L 92.9171 227.503 M 93.6635 -22.4968 L 93.6635 227.503 M 94.4099 -22.4968 L 94.4099 227.503 M 95.1563 -22.4968 L 95.1563 227.503 M 95.9027 -22.4968 L 95.9027 227.503 M 96.6491 -22.4968 L 96.6491 227.503" clip-path="url(#clipPath8555)"/></g></g><metadata id="metadata37"><rdf:RDF><cc:Work rdf:about=""><dc:format>image/svg+xml</dc:format><dc:type rdf:resource="http://purl.org/dc/dcmitype/StillImage"/></cc:Work></rdf:RDF></metadata><defs id="defs35"><clipPath id="clipPath8555"><g id="g5815"><path d="m 57.898584,27.516749 c 3.282202,2.018994 6.174736,4.763796 8.058843,8.148768 1.749224,2.997443 5.097776,4.568962 8.332895,5.41467 1.39167,0.391809 2.879688,0.648732 4.299192,0.22909 2.102472,-0.539541 3.804614,-1.982597 5.324746,-3.466331 3.455626,-3.018855 8.337157,-3.521998 12.734857,-3.140893 -1.779176,10.116374 -3.05311,20.369776 -2.901098,30.659574 0.147753,6.637192 0.389689,13.270118 0.689433,19.903028 0.196953,5.211273 0.618759,10.413978 0.678686,15.629525 0.237654,11.21045 0.02143,22.43589 -0.832862,33.61848 -0.922763,13.17164 -1.473008,26.36467 -1.832702,39.56199 -3.624787,-1.59934 -7.731264,-1.85628 -11.597969,-1.13046 -2.331581,0.40036 -4.543269,1.25679 -6.814903,1.8841 -4.768078,1.34456 -9.643207,2.47931 -14.612541,2.66131 -0.413241,-11.46951 -0.989157,-22.93687 -1.08122,-34.41495 -0.346848,-14.82664 -0.794323,-29.65543 -0.749361,-44.488501 -0.723669,-0.35754 -1.473031,-0.8093 -1.781318,-1.59506 -0.749361,-1.62076 -0.02997,-3.404245 -0.246219,-5.097798 -0.08777,-1.177569 -0.563092,-2.335859 -1.447337,-3.136615 -0.787878,1.132617 -1.768493,2.160306 -2.421485,3.367848 0.47959,2.537116 0.586643,5.123495 0.565233,7.701295 -0.03212,2.776911 0.511684,5.551691 0.175542,8.328601 -0.449616,4.50475 -1.363837,9.06513 -3.524138,13.09026 -0.695836,1.38099 -1.807052,2.48147 -2.646315,3.76823 -0.984896,1.48587 -1.877686,3.04026 -2.579943,4.67815 -0.466766,1.42166 -0.199137,2.95034 0.03426,4.39127 0.39395,2.24808 1.173285,4.40624 1.575799,6.65218 0.614476,3.16658 0.856413,6.39955 0.800746,9.62393 -0.181988,5.20699 -0.167,10.42041 -0.222668,15.62953 -0.102775,2.53285 -0.235513,5.11065 -1.014848,7.54287 -0.357553,1.04695 -0.99344,2.24594 -2.205243,2.42578 -1.094088,0.32116 -2.258788,-0.11135 -3.0317,-0.90351 -1.391671,-1.41094 -2.13675,-3.29721 -2.804751,-5.12563 -1.57368,-4.86014 -2.933235,-9.7888 -4.145059,-14.75171 -0.678686,2.35298 -1.252504,4.76808 -2.400097,6.95192 -0.481731,0.88853 -1.055506,1.78776 -1.926928,2.34015 -0.802886,0.50529 -1.849851,0.31259 -2.629186,-0.13494 -1.216085,-0.78576 -1.704262,-2.26093 -1.991139,-3.60764 -0.297603,-1.66572 -0.582361,-3.33786 -0.745079,-5.02287 -0.30833,-2.824 -0.0364,-5.66303 -0.02356,-8.49346 0.0022,-3.02527 0.35967,-6.03985 0.252619,-9.06728 -0.02783,-1.30169 -0.378962,-2.56274 -0.616617,-3.83453 -1.004123,-4.69957 -2.569238,-9.31133 -4.988582,-13.47778 -2.134631,-3.6419 -3.663326,-7.61137 -4.780945,-11.67505 -0.856413,-3.05954 -1.391671,-6.19614 -2.042545,-9.302791 C 9.8967179,95.66793 9.2308349,91.441539 8.6741679,87.202289 8.1453329,82.648321 8.3037689,78.040822 8.7619469,73.486839 8.6870169,71.185232 7.9590596,68.969264 7.4837501,66.729745 6.9934547,64.864908 6.6209151,62.970094 6.034272,61.133089 5.2527963,58.133503 4.8781155,55.052559 4.4284991,51.990883 3.9660354,49.839147 3.9895873,47.612473 4.2379461,45.435044 c 0.072799,-0.749359 0.246219,-1.49444 0.2012791,-2.250225 -0.5267146,0.790043 -0.4838731,1.830583 -1.0790797,2.594932 -0.068539,-1.288901 0.1798469,-2.6142 0.8328607,-3.740383 0.3746809,-0.629464 0.7001179,-1.28676 1.0212725,-1.948339 -0.5138473,0.515989 -0.9698875,1.119761 -1.6443335,1.438774 0.1327471,-1.804889 1.3317209,-3.277919 2.0939284,-4.858001 1.26747,-2.714828 3.8645413,-4.613924 6.6778574,-5.496028 2.744824,-0.873541 5.660908,-1.098349 8.525608,-0.961324 1.875544,0.267629 3.868825,0.678707 5.331148,1.97189 1.372401,1.192555 2.751248,2.376546 4.119367,3.575524 0.794323,0.627322 1.873402,0.2505 2.766192,0.07279 2.684854,-0.730091 5.388976,-1.383106 8.097403,-2.027557 2.24166,-0.569514 4.549692,-1.008426 6.874852,-0.909938 0.702259,0.01713 1.37238,0.259064 1.976173,0.614476 -3.121625,2.400098 -6.735686,4.052973 -9.942974,6.33103 -1.834842,1.26535 -3.648296,2.609919 -5.069941,4.342014 -1.749223,1.629325 -2.378687,4.072242 -2.519994,6.380274 -0.18841,2.295186 -0.370398,4.780924 0.753644,6.883417 1.879825,2.999585 4.010151,5.830029 6.076247,8.703293 2.485739,3.477036 5.091373,6.894117 7.08037,10.690167 1.841288,3.344293 2.618483,7.116802 3.900983,10.68375 1.025531,-1.01485 1.894811,-2.181702 2.988879,-3.130186 -0.451757,-2.759787 -0.974169,-5.530282 -0.942054,-8.337183 0.01072,-2.209545 0.276193,-4.41266 0.655177,-6.587949 0.192672,-0.935631 0.554527,-1.909799 1.338146,-2.511429 0.229067,-0.224809 0.608052,-0.376823 0.610193,-0.755785 1.336004,-10.298363 1.687132,-20.684507 2.297327,-31.042818 0.171239,-2.549969 0.329655,-5.106361 0.640104,-7.643483 z" id="woodpecker" style="stroke:#000000;stroke-width:0.0200829"/></g></clipPath></defs></svg>