<svg xmlns="http://www.w3.org/2000/svg" xmlns:svg="http://www.w3.org/2000/svg" xmlns:rdf="http://www.w3.org/1999/02/22-rdf-syntax-ns#" xmlns:cc="http://creativecommons.org/ns#" xmlns:dc="http://purl.org/dc/elements/1.1/" version="1.1" id="Layer_1" x="0px" y="0px" viewBox="0 0 209.99999999999997 296.99999999999994" xml:space="preserve" width="209.99999999999997mm" height="296.99999999999994mm"><g xmlns:ns1="http://www.inkscape.org/namespaces/inkscape" ns1:groupmode="layer" ns1:label="Book Art" id="g5989"><g id="Page #3" transform="translate(105.162, 45.9969)"><text y="233.5031735" style="text-anchor:middle;font-size:3.9999999999999996"><tspan x="497.3379806607043">340</tspan><tspan x="467.3379806607043">320</tspan><tspan x="437.3379806607043">300</tspan><tspan x="407.3379806607043">280</tspan><tspan x="377.3379806607043">260</tspan><tspan x="347.3379806607043">240</tspan></text><path style="fill:none;stroke:#66ff88;stroke-width:0.26499999999999996" d="M 347.338 -22.4968 L 347.338 227.503 M 350.338 -22.4968 L 350.338 227.503 M 353.338 -22.4968 L 353.338 227.503 M 356.338 -22.4968 L 356.338 227.503 M 359.338 -22.4968 L 359.338 227.503 M 362.338 -22.4968 L 362.338 227.503 M 365.338 -22.4968 L 365.338 227.503 M 368.338 -22.4968 L 368.338 227.503 M 371.338 -22.4968 L 371.338 227.503 M 374.338 -22.4968 L 374.338 227.503 M 377.338 -22.4968 L 377.338 227.503 M 380.338 -22.4968 L 380.338 227.503 M 383.338 -22.4968 L 383.338 227.503 M 386.338 -22.4968 L 386.338 227.503 M 389.338 -22.4968 L 389.338 227.503 M 392.338 -22.4968 L 392.338 227.503 M 395.338 -22.4968 L 395.338 227.503 M 398.338 -22.4968 L 398.338 227.503 M 401.338 -22.4968 L 401.338 227.503 M 404.338 -22.4968 L 404.338 227.503 M 407.338 -22.4968 L 407.338 227.503 M 410.338 -22.4968 L 410.338 227.503 M 413.338 -22.4968 L 413.338 227.503 M 416.338 -22.4968 L 416.338 227.503 M 419.338 -22.4968 L 419.338 227.503 M 422.338 -22.4968 L 422.338 227.503 M 425.338 -22.4968 L 425.338 227.503 M 428.338 -22.4968 L 428.338 227.503 M 431.338 -22.4968 L 431.338 227.503 M 434.338 -22.4968 L 434.338 227.503 M 437.338 -22.4968 L 437.338 227.503 M 440.338 -22.4968 L 440.338 227.503 M 443.338 -22.4968 L 443.338 227.503 M 446.338 -22.4968 L 446.338 227.503 M 449.338 -22.4968 L 449.338 227.503 M 452.338 -22.4968 L 452.338 227.503 M 455.338 -22.4968 L 455.338 227.503 M 458.338 -22.4968 L 458.338 227.503 M 461.338 -22.4968 L 461.338 227.503 M 464.338 -22.4968 L 464.338 227.503 M 467.338 -22.4968 L 467.338 227.503 M 470.338 -22.4968 L 470.338 227.503 M 473.338 -22.4968 L 473.338 227.503 M 476.338 -22.4968 L 476.338 227.503 M 479.338 -22.4968 L 479.338 227.503 M 482.338 -22.4968 L 482.338 227.503 M 485.338 -22.4968 L 485.338 227.503 M 488.338 -22.4968 L 488.338 227.503 M 491.338 -22.4968 L 491.338 227.503 M 494.338 -22.4968 L 494.338 227.503 M 497.338 -22.4968 L 497.338 227.503 M 500.338 -22.4968 L 500.338 227.503 M 503.338 -22.4968 L 503.338 227.503 M 506.338 -22.4968 L 506.338 227.503 M 509.338 -22.4968 L 509.338 227.503 M 512.338 -22.4968 L 512.338 227.503" id="path9629"/><path style="fill:none;stroke:#ebf400;stroke-width:0.26499999999999996" d="M 362.338 -22.4968 L 362.338 227.503 M 392.338 -22.4968 L 392.338 227.503 M 422.338 -22.4968 L 422.338 227.503 M 452.338 -22.4968 L 452.338 227.503 M 482.338 -22.4968 L 482.338 227.503 M 512.338 -22.4968 L 512.338 227.503"/><path style="fill:none;stroke:#00bc12;stroke-width:0.26499999999999996" d="M 347.338 -22.4968 L 347.338 227.503 M 377.338 -22.4968 L 377.338 227.503 M 407.338 -22.4968 L 407.338 227.503 M 437.338 -22.4968 L 437.338 227.503 M 467.338 -22.4968 L 467.338 227.503 M 497.338 -22.4968 L 497.338 227.503"/><path style="fill:none;stroke:#ff0000;stroke-width:0.26499999999999996" d="M 347.338 -22.4968 L 347.338 227.503 M 350.338 -22.4968 L 350.338 227.503 M 353.338 -22.4968 L 353.338 227.503 M 356.338 -22.4968 L 356.338 227.503 M 359.338 -22.4968 L 359.338 227.503 M 362.338 -22.4968 L 362.338 227.503 M 365.338 -22.4968 L 365.338 227.503 M 368.338 -22.4968 L 368.338 227.503 M 371.338 -22.4968 L 371.338 227.503 M 374.338 -22.4968 L 374.338 227.503 M 377.338 -22.4968 L 377.338 227.503 M 380.338 -22.4968 L 380.338 227.503 M 383.338 -22.4968 L 383.338 227.503 M 386.338 -22.4968 L 386.338 227.503 M 389.338 -22.4968 L 389.338 227.503 M 392.338 -22.4968 L 392.338 227.503 M 395.338 -22.4968 L 395.338 227.503 M 398.338 -22.4968 L 398.338 227.503 M 401.338 -22.4968 L 401.338 227.503 M 404.338 -22.4968 L 404.338 227.503 M 407.338 -22.4968 L 407.338 227.503 M 410.338 -22.4968 L 410.338 227.503 M 413.338 -22.4968 L 413.338 227.503 M 416.338 -22.4968 L 416.338 227.503 M 419.338 -22.4968 L 419.338 227.503 M 422.338 -22.4968 L 422.338 227.503 M 425.338 -22.4968 L 425.338 227.503 M 428.338 -22.4968 L 428.338 227.503 M 431.338 -22.4968 L 431.338 227.503 M 434.338 -22.4968 L 434.338 227.503 M 437.338 -22.4968 L 437.338 227.503 M 440.338 -22.4968 L 440.338 227.503 M 443.338 -22.4968 L 443.338 227.503 M 446.338 -22.4968 L 446.338 227.503 M 449.338 -22.4968 L 449.338 227.503 M 452.338 -22.4968 L 452.338 227.503 M 455.338 -22.4968 L 455.338 227.503 M 458.338 -22.4968 L 458.338 227.503 M 461.338 -22.4968 L 461.338 227.503 M 464.338 -22.4968 L 464.338 227.503 M 467.338 -22.4968 L 467.338 227.503 M 470.338 -22.4968 L 470.338 227.503 M 473.338 -22.4968 L 473.338 227.503 M 476.338 -22.4968 L 476.338 227.503 M 479.338 -22.4968 L 479.338 227.503 M 482.338 -22.4968 L 482.338 227.503 M 485.338 -22.4968 L 485.338 227.503 M 488.338 -22.4968 L 488.338 227.503 M 491.338 -22.4968 L 491.338 227.503 M 494.338 -22.4968 L 494.338 227.503 M 497.338 -22.4968 L 497.338 227.503 M 500.338 -22.4968 L 500.338 227.503 M 503.338 -22.4968 L 503.338 227.503 M 506.338 -22.4968 L 506.338 227.503 M 509.338 -22.4968 L 509.338 227.503 M 512.338 -22.4968 L 512.338 227.503" clip-path="url(#clipPath4426)"/></g></g><g xmlns:ns1="http://www.inkscape.org/namespaces/inkscape" ns1:groupmode="layer" ns1:label="Book Art" id="g771"><g id="Page #2" transform="translate(58.162, 45.9969)"><text y="233.5031735" style="text-anchor:middle;font-size:3.9999999999999996"><tspan x="347.3379806607043">240</tspan><tspan x="317.3379806607043">220</tspan><tspan x="287.3379806607043">200</tspan><tspan x="257.3379806607043">180</tspan><tspan x="227.33798066070435">160</tspan><tspan x="197.33798066070435">140</tspan><tspan x="176.33798066070435" style="font-size:1.9999999999999998;fill:grey;">126</tspan></text><path style="fill:none;stroke:#66ff88;stroke-width:0.26499999999999996" d="M 176.338 -22.4968 L 176.338 227.503 M 179.338 -22.4968 L 179.338 227.503 M 182.338 -22.4968 L 182.338 227.503 M 185.338 -22.4968 L 185.338 227.503 M 188.338 -22.4968 L 188.338 227.503 M 191.338 -22.4968 L 191.338 227.503 M 194.338 -22.4968 L 194.338 227.503 M 197.338 -22.4968 L 197.338 227.503 M 200.338 -22.4968 L 200.338 227.503 M 203.338 -22.4968 L 203.338 227.503 M 206.338 -22.4968 L 206.338 227.503 M 209.338 -22.4968 L 209.338 227.503 M 212.338 -22.4968 L 212.338 227.503 M 215.338 -22.4968 L 215.338 227.503 M 218.338 -22.4968 L 218.338 227.503 M 221.338 -22.4968 L 221.338 227.503 M 224.338 -22.4968 L 224.338 227.503 M 227.338 -22.4968 L 227.338 227.503 M 230.338 -22.4968 L 230.338 227.503 M 233.338 -22.4968 L 233.338 227.503 M 236.338 -22.4968 L 236.338 227.503 M 239.338 -22.4968 L 239.338 227.503 M 242.338 -22.4968 L 242.338 227.503 M 245.338 -22.4968 L 245.338 227.503 M 248.338 -22.4968 L 248.338 227.503 M 251.338 -22.4968 L 251.338 227.503 M 254.338 -22.4968 L 254.338 227.503 M 257.338 -22.4968 L 257.338 227.503 M 260.338 -22.4968 L 260.338 227.503 M 263.338 -22.4968 L 263.338 227.503 M 266.338 -22.4968 L 266.338 227.503 M 269.338 -22.4968 L 269.338 227.503 M 272.338 -22.4968 L 272.338 227.503 M 275.338 -22.4968 L 275.338 227.503 M 278.338 -22.4968 L 278.338 227.503 M 281.338 -22.4968 L 281.338 227.503 M 284.338 -22.4968 L 284.338 227.503 M 287.338 -22.4968 L 287.338 227.503 M 290.338 -22.4968 L 290.338 227.503 M 293.338 -22.4968 L 293.338 227.503 M 296.338 -22.4968 L 296.338 227.503 M 299.338 -22.4968 L 299.338 227.503 M 302.338 -22.4968 L 302.338 227.503 M 305.338 -22.4968 L 305.338 227.503 M 308.338 -22.4968 L 308.338 227.503 M 311.338 -22.4968 L 311.338 227.503 M 314.338 -22.4968 L 314.338 227.503 M 317.338 -22.4968 L 317.338 227.503 M 320.338 -22.4968 L 320.338 227.503 M 323.338 -22.4968 L 323.338 227.503 M 326.338 -22.4968 L 326.338 227.503 M 329.338 -22.4968 L 329.338 227.503 M 332.338 -22.4968 L 332.338 227.503 M 335.338 -22.4968 L 335.338 227.503 M 338.338 -22.4968 L 338.338 227.503 M 341.338 -22.4968 L 341.338 227.503 M 344.338 -22.4968 L 344.338 227.503 M 347.338 -22.4968 L 347.338 227.503" id="path224"/><path style="fill:none;stroke:#ebf400;stroke-width:0.26499999999999996" d="M 182.338 -22.4968 L 182.338 227.503 M 212.338 -22.4968 L 212.338 227.503 M 242.338 -22.4968 L 242.338 227.503 M 272.338 -22.4968 L 272.338 227.503 M 302.338 -22.4968 L 302.338 227.503 M 332.338 -22.4968 L 332.338 227.503"/><path style="fill:none;stroke:#00bc12;stroke-width:0.26499999999999996" d="M 197.338 -22.4968 L 197.338 227.503 M 227.338 -22.4968 L 227.338 227.503 M 257.338 -22.4968 L 257.338 227.503 M 287.338 -22.4968 L 287.338 227.503 M 317.338 -22.4968 L 317.338 227.503 M 347.338 -22.4968 L 347.338 227.503"/><path style="fill:none;stroke:#ff0000;stroke-width:0.26499999999999996" d="M 176.338 -22.4968 L 176.338 227.503 M 179.338 -22.4968 L 179.338 227.503 M 182.338 -22.4968 L 182.338 227.503 M 185.338 -22.4968 L 185.338 227.503 M 188.338 -22.4968 L 188.338 227.503 M 191.338 -22.4968 L 191.338 227.503 M 194.338 -22.4968 L 194.338 227.503 M 197.338 -22.4968 L 197.338 227.503 M 200.338 -22.4968 L 200.338 227.503 M 203.338 -22.4968 L 203.338 227.503 M 206.338 -22.4968 L 206.338 227.503 M 209.338 -22.4968 L 209.338 227.503 M 212.338 -22.4968 L 212.338 227.503 M 215.338 -22.4968 L 215.338 227.503 M 218.338 -22.4968 L 218.338 227.503 M 221.338 -22.4968 L 221.338 227.503 M 224.338 -22.4968 L 224.338 227.503 M 227.338 -22.4968 L 227.338 227.503 M 230.338 -22.4968 L 230.338 227.503 M 233.338 -22.4968 L 233.338 227.503 M 236.338 -22.4968 L 236.338 227.503 M 239.338 -22.4968 L 239.338 227.503 M 242.338 -22.4968 L 242.338 227.503 M 245.338 -22.4968 L 245.338 227.503 M 248.338 -22.4968 L 248.338 227.503 M 251.338 -22.4968 L 251.338 227.503 M 254.338 -22.4968 L 254.338 227.503 M 257.338 -22.4968 L 257.338 227.503 M 260.338 -22.4968 L 260.338 227.503 M 263.338 -22.4968 L 263.338 227.503 M 266.338 -22.4968 L 266.338 227.503 M 269.338 -22.4968 L 269.338 227.503 M 272.338 -22.4968 L 272.338 227.503 M 275.338 -22.4968 L 275.338 227.503 M 278.338 -22.4968 L 278.338 227.503 M 281.338 -22.4968 L 281.338 227.503 M 284.338 -22.4968 L 284.338 227.503 M 287.338 -22.4968 L 287.338 227.503 M 290.338 -22.4968 L 290.338 227.503 M 293.338 -22.4968 L 293.338 227.503 M 296.338 -22.4968 L 296.338 227.503 M 299.338 -22.4968 L 299.338 227.503 M 302.338 -22.4968 L 302.338 227.503 M 305.338 -22.4968 L 305.338 227.503 M 308.338 -22.4968 L 308.338 227.503 M 311.338 -22.4968 L 311.338 227.503 M 314.338 -22.4968 L 314.338 227.503 M 317.338 -22.4968 L 317.338 227.503 M 320.338 -22.4968 L 320.338 227.503 M 323.338 -22.4968 L 323.338 227.503 M 326.338 -22.4968 L 326.338 227.503 M 329.338 -22.4968 L 329.338 227.503 M 332.338 -22.4968 L 332.338 227.503 M 335.338 -22.4968 L 335.338 227.503 M 338.338 -22.4968 L 338.338 227.503 M 341.338 -22.4968 L 341.338 227.503 M 344.338 -22.4968 L 344.338 227.503 M 347.338 -22.4968 L 347.338 227.503" clip-path="url(#clipPath4426)"/></g></g><ns0:namedview xmlns:ns0="http://sodipodi.sourceforge.net/DTD/sodipodi-0.dtd"><ns0:page xmlns:ns0="http://www.inkscape.org/namespaces/inkscape" width="209.99999999999997" height="296.99999999999994" x="0.0" y="0"/><ns0:page xmlns:ns0="http://www.inkscape.org/namespaces/inkscape" width="209.99999999999997" height="296.99999999999994" x="214.99999999999997" y="0"/><ns0:page xmlns:ns0="http://www.inkscape.org/namespaces/inkscape" width="209.99999999999997" height="296.99999999999994" x="429.99999999999994" y="0"/></ns0:namedview><g xmlns:ns1="http://www.inkscape.org/namespaces/inkscape" ns1:groupmode="layer" ns1:label="Book Art" id="g6005"><g id="Page #1" transform="translate(15.662, 45.9969)"><text y="233.5031735" style="text-anchor:middle;font-size:3.9999999999999996"><tspan x="173.33798066070437" style="font-size:1.9999999999999998;fill:grey;">124</tspan><tspan x="167.33798066070437">120</tspan><tspan x="137.33798066070437">100</tspan><tspan x="107.33798066070437">80</tspan><tspan x="77.33798066070437">60</tspan><tspan x="47.33798066070438">40</tspan><tspan x="17.337980660704385">20</tspan><tspan x="5.337980660704387" style="font-size:1.9999999999999998;fill:grey;">12</tspan></text><path style="fill:none;stroke:#66ff88;stroke-width:0.26499999999999996" d="M 5.33798 -22.4968 L 5.33798 227.503 M 8.33798 -22.4968 L 8.33798 227.503 M 11.338 -22.4968 L 11.338 227.503 M 14.338 -22.4968 L 14.338 227.503 M 17.338 -22.4968 L 17.338 227.503 M 20.338 -22.4968 L 20.338 227.503 M 23.338 -22.4968 L 23.338 227.503 M 26.338 -22.4968 L 26.338 227.503 M 29.338 -22.4968 L 29.338 227.503 M 32.338 -22.4968 L 32.338 227.503 M 35.338 -22.4968 L 35.338 227.503 M 38.338 -22.4968 L 38.338 227.503 M 41.338 -22.4968 L 41.338 227.503 M 44.338 -22.4968 L 44.338 227.503 M 47.338 -22.4968 L 47.338 227.503 M 50.338 -22.4968 L 50.338 227.503 M 53.338 -22.4968 L 53.338 227.503 M 56.338 -22.4968 L 56.338 227.503 M 59.338 -22.4968 L 59.338 227.503 M 62.338 -22.4968 L 62.338 227.503 M 65.338 -22.4968 L 65.338 227.503 M 68.338 -22.4968 L 68.338 227.503 M 71.338 -22.4968 L 71.338 227.503 M 74.338 -22.4968 L 74.338 227.503 M 77.338 -22.4968 L 77.338 227.503 M 80.338 -22.4968 L 80.338 227.503 M 83.338 -22.4968 L 83.338 227.503 M 86.338 -22.4968 L 86.338 227.503 M 89.338 -22.4968 L 89.338 227.503 M 92.338 -22.4968 L 92.338 227.503 M 95.338 -22.4968 L 95.338 227.503 M 98.338 -22.4968 L 98.338 227.503 M 101.338 -22.4968 L 101.338 227.503 M 104.338 -22.4968 L 104.338 227.503 M 107.338 -22.4968 L 107.338 227.503 M 110.338 -22.4968 L 110.338 227.503 M 113.338 -22.4968 L 113.338 227.503 M 116.338 -22.4968 L 116.338 227.503 M 119.338 -22.4968 L 119.338 227.503 M 122.338 -22.4968 L 122.338 227.503 M 125.338 -22.4968 L 125.338 227.503 M 128.338 -22.4968 L 128.338 227.503 M 131.338 -22.4968 L 131.338 227.503 M 134.338 -22.4968 L 134.338 227.503 M 137.338 -22.4968 L 137.338 227.503 M 140.338 -22.4968 L 140.338 227.503 M 143.338 -22.4968 L 143.338 227.503 M 146.338 -22.4968 L 146.338 227.503 M 149.338 -22.4968 L 149.338 227.503 M 152.338 -22.4968 L 152.338 227.503 M 155.338 -22.4968 L 155.338 227.503 M 158.338 -22.4968 L 158.338 227.503 M 161.338 -22.4968 L 161.338 227.503 M 164.338 -22.4968 L 164.338 227.503 M 167.338 -22.4968 L 167.338 227.503 M 170.338 -22.4968 L 170.338 227.503 M 173.338 -22.4968 L 173.338 227.503" id="path4684"/><path style="fill:none;stroke:#ebf400;stroke-width:0.26499999999999996" d="M 32.338 -22.4968 L 32.338 227.503 M 62.338 -22.4968 L 62.338 227.503 M 92.338 -22.4968 L 92.338 227.503 M 122.338 -22.4968 L 122.338 227.503 M 152.338 -22.4968 L 152.338 227.503"/><path style="fill:none;stroke:#00bc12;stroke-width:0.26499999999999996" d="M 17.338 -22.4968 L 17.338 227.503 M 47.338 -22.4968 L 47.338 227.503 M 77.338 -22.4968 L 77.338 227.503 M 107.338 -22.4968 L 107.338 227.503 M 137.338 -22.4968 L 137.338 227.503 M 167.338 -22.4968 L 167.338 227.503"/><path style="fill:none;stroke:#ff0000;stroke-width:0.26499999999999996" d="M 5.33798 -22.4968 L 5.33798 227.503 M 8.33798 -22.4968 L 8.33798 227.503 M 11.338 -22.4968 L 11.338 227.503 M 14.338 -22.4968 L 14.338 227.503 M 17.338 -22.4968 L 17.338 227.503 M 20.338 -22.4968 L 20.338 227.503 M 23.338 -22.4968 L 23.338 227.503 M 26.338 -22.4968 L 26.338 227.503 M 29.338 -22.4968 L 29.338 227.503 M 32.338 -22.4968 L 32.338 227.503 M 35.338 -22.4968 L 35.338 227.503 M 38.338 -22.4968 L 38.338 227.503 M 41.338 -22.4968 L 41.338 227.503 M 44.338 -22.4968 L 44.338 227.503 M 47.338 -22.4968 L 47.338 227.503 M 50.338 -22.4968 L 50.338 227.503 M 53.338 -22.4968 L 53.338 227.503 M 56.338 -22.4968 L 56.338 227.503 M 59.338 -22.4968 L 59.338 227.503 M 62.338 -22.4968 L 62.338 227.503 M 65.338 -22.4968 L 65.338 227.503 M 68.338 -22.4968 L 68.338 227.503 M 71.338 -22.4968 L 71.338 227.503 M 74.338 -22.4968 L 74.338 227.503 M 77.338 -22.4968 L 77.338 227.503 M 80.338 -22.4968 L 80.338 227.503 M 83.338 -22.4968 L 83.338 227.503 M 86.338 -22.4968 L 86.338 227.503 M 89.338 -22.4968 L 89.338 227.503 M 92.338 -22.4968 L 92.338 227.503 M 95.338 -22.4968 L 95.338 227.503 M 98.338 -22.4968 L 98.338 227.503 M 101.338 -22.4968 L 101.338 227.503 M 104.338 -22.4968 L 104.338 227.503 M 107.338 -22.4968 L 107.338 227.503 M 110.338 -22.4968 L 110.338 227.503 M 113.338 -22.4968 L 113.338 227.503 M 116.338 -22.4968 L 116.338 227.503 M 119.338 -22.4968 L 119.338 227.503 M 122.338 -22.4968 L 122.338 227.503 M 125.338 -22.4968 L 125.338 227.503 M 128.338 -22.4968 L 128.338 227.503 M 131.338 -22.4968 L 131.338 227.503 M 134.338 -22.4968 L 134.338 227.503 M 137.338 -22.4968 L 137.338 227.503 M 140.338 -22.4968 L 140.338 227.503 M 143.338 -22.4968 L 143.338 227.503 M 146.338 -22.4968 L 146.338 227.503 M 149.338 -22.4968 L 149.338 227.503 M 152.338 -22.4968 L 152.338 227.503 M 155.338 -22.4968 L 155.338 227.503 M 158.338 -22.4968 L 158.338 227.503 M 161.338 -22.4968 L 161.338 227.503 M 164.338 -22.4968 L 164.338 227.503 M 167.338 -22.4968 L 167.338 227.503 M 170.338 -22.4968 L 170.338 227.503 M 173.338 -22.4968 L 173.338 227.503" clip-path="url(#clipPath4426)"/></g></g><metadata id="metadata37"><rdf:RDF><cc:Work rdf:about=""><dc:format>image/svg+xml</dc:format><dc:type rdf:resource="http://purl.org/dc/dcmitype/StillImage"/></cc:Work></rdf:RDF></metadata><defs id="defs35"><clipPath id="clipPath4426"><g transform="scale(5.17685, 1)" id="g1829"><path d="m 57.898584,27.516749 c 3.282202,2.018994 6.174736,4.763796 8.058843,8.148768 1.749224,2.997443 5.097776,4.568962 8.332895,5.41467 1.39167,0.391809 2.879688,0.648732 4.299192,0.22909 2.102472,-0.539541 3.804614,-1.982597 5.324746,-3.466331 3.455626,-3.018855 8.337157,-3.521998 12.734857,-3.140893 -1.779176,10.116374 -3.05311,20.369776 -2.901098,30.659574 0.147753,6.637192 0.389689,13.270118 0.689433,19.903028 0.196953,5.211273 0.618759,10.413978 0.678686,15.629525 0.237654,11.21045 0.02143,22.43589 -0.832862,33.61848 -0.922763,13.17164 -1.473008,26.36467 -1.832702,39.56199 -3.624787,-1.59934 -7.731264,-1.85628 -11.597969,-1.13046 -2.331581,0.40036 -4.543269,1.25679 -6.814903,1.8841 -4.768078,1.34456 -9.643207,2.47931 -14.612541,2.66131 -0.413241,-11.46951 -0.989157,-22.93687 -1.08122,-34.41495 -0.346848,-14.82664 -0.794323,-29.65543 -0.749361,-44.488501 -0.723669,-0.35754 -1.473031,-0.8093 -1.781318,-1.59506 -0.749361,-1.62076 -0.02997,-3.404245 -0.246219,-5.097798 -0.08777,-1.177569 -0.563092,-2.335859 -1.447337,-3.136615 -0.787878,1.132617 -1.768493,2.160306 -2.421485,3.367848 0.47959,2.537116 0.586643,5.123495 0.565233,7.701295 -0.03212,2.776911 0.511684,5.551691 0.175542,8.328601 -0.449616,4.50475 -1.363837,9.06513 -3.524138,13.09026 -0.695836,1.38099 -1.807052,2.48147 -2.646315,3.76823 -0.984896,1.48587 -1.877686,3.04026 -2.579943,4.67815 -0.466766,1.42166 -0.199137,2.95034 0.03426,4.39127 0.39395,2.24808 1.173285,4.40624 1.575799,6.65218 0.614476,3.16658 0.856413,6.39955 0.800746,9.62393 -0.181988,5.20699 -0.167,10.42041 -0.222668,15.62953 -0.102775,2.53285 -0.235513,5.11065 -1.014848,7.54287 -0.357553,1.04695 -0.99344,2.24594 -2.205243,2.42578 -1.094088,0.32116 -2.258788,-0.11135 -3.0317,-0.90351 -1.391671,-1.41094 -2.13675,-3.29721 -2.804751,-5.12563 -1.57368,-4.86014 -2.933235,-9.7888 -4.145059,-14.75171 -0.678686,2.35298 -1.252504,4.76808 -2.400097,6.95192 -0.481731,0.88853 -1.055506,1.78776 -1.926928,2.34015 -0.802886,0.50529 -1.849851,0.31259 -2.629186,-0.13494 -1.216085,-0.78576 -1.704262,-2.26093 -1.991139,-3.60764 -0.297603,-1.66572 -0.582361,-3.33786 -0.745079,-5.02287 -0.30833,-2.824 -0.0364,-5.66303 -0.02356,-8.49346 0.0022,-3.02527 0.35967,-6.03985 0.252619,-9.06728 -0.02783,-1.30169 -0.378962,-2.56274 -0.616617,-3.83453 -1.004123,-4.69957 -2.569238,-9.31133 -4.988582,-13.47778 -2.134631,-3.6419 -3.663326,-7.61137 -4.780945,-11.67505 -0.856413,-3.05954 -1.391671,-6.19614 -2.042545,-9.302791 C 9.8967179,95.66793 9.2308349,91.441539 8.6741679,87.202289 8.1453329,82.648321 8.3037689,78.040822 8.7619469,73.486839 8.6870169,71.185232 7.9590596,68.969264 7.4837501,66.729745 6.9934547,64.864908 6.6209151,62.970094 6.034272,61.133089 5.2527963,58.133503 4.8781155,55.052559 4.4284991,51.990883 3.9660354,49.839147 3.9895873,47.612473 4.2379461,45.435044 c 0.072799,-0.749359 0.246219,-1.49444 0.2012791,-2.250225 -0.5267146,0.790043 -0.4838731,1.830583 -1.0790797,2.594932 -0.068539,-1.288901 0.1798469,-2.6142 0.8328607,-3.740383 0.3746809,-0.629464 0.7001179,-1.28676 1.0212725,-1.948339 -0.5138473,0.515989 -0.9698875,1.119761 -1.6443335,1.438774 0.1327471,-1.804889 1.3317209,-3.277919 2.0939284,-4.858001 1.26747,-2.714828 3.8645413,-4.613924 6.6778574,-5.496028 2.744824,-0.873541 5.660908,-1.098349 8.525608,-0.961324 1.875544,0.267629 3.868825,0.678707 5.331148,1.97189 1.372401,1.192555 2.751248,2.376546 4.119367,3.575524 0.794323,0.627322 1.873402,0.2505 2.766192,0.07279 2.684854,-0.730091 5.388976,-1.383106 8.097403,-2.027557 2.24166,-0.569514 4.549692,-1.008426 6.874852,-0.909938 0.702259,0.01713 1.37238,0.259064 1.976173,0.614476 -3.121625,2.400098 -6.735686,4.052973 -9.942974,6.33103 -1.834842,1.26535 -3.648296,2.609919 -5.069941,4.342014 -1.749223,1.629325 -2.378687,4.072242 -2.519994,6.380274 -0.18841,2.295186 -0.370398,4.780924 0.753644,6.883417 1.879825,2.999585 4.010151,5.830029 6.076247,8.703293 2.485739,3.477036 5.091373,6.894117 7.08037,10.690167 1.841288,3.344293 2.618483,7.116802 3.900983,10.68375 1.025531,-1.01485 1.894811,-2.181702 2.988879,-3.130186 -0.451757,-2.759787 -0.974169,-5.530282 -0.942054,-8.337183 0.01072,-2.209545 0.276193,-4.41266 0.655177,-6.587949 0.192672,-0.935631 0.554527,-1.909799 1.338146,-2.511429 0.229067,-0.224809 0.608052,-0.376823 0.610193,-0.755785 1.336004,-10.298363 1.687132,-20.684507 2.297327,-31.042818 0.171239,-2.549969 0.329655,-5.106361 0.640104,-7.643483 z" id="woodpecker" style="stroke:#000000;stroke-width:0.0200829"/></g></clipPath></defs></svg>