<svg xmlns="http://www.w3.org/2000/svg" xmlns:svg="http://www.w3.org/2000/svg" xmlns:rdf="http://www.w3.org/1999/02/22-rdf-syntax-ns#" xmlns:cc="http://creativecommons.org/ns#" xmlns:dc="http://purl.org/dc/elements/1.1/" version="1.1" id="Layer_1" x="0px" y="0px" viewBox="0 0 209.99999999999997 296.99999999999994" xml:space="preserve" width="209.99999999999997mm" height="296.99999999999994mm"><ns0:namedview xmlns:ns0="http://sodipodi.sourceforge.net/DTD/sodipodi-0.dtd"><ns0:page xmlns:ns0="http://www.inkscape.org/namespaces/inkscape" width="209.99999999999997" height="296.99999999999994" x="0.0" y="0"/></ns0:namedview><g xmlns:ns1="http://www.inkscape.org/namespaces/inkscape" ns1:groupmode="layer" ns1:label="Book Art"><g transform="translate(63.1462, 45.9968)"><text y="188.5031735" style="text-anchor:middle;font-size:3.9999999999999996"><tspan x="82.35376627508612">100</tspan><tspan x="67.35376627508612">80</tspan><tspan x="52.35376627508612">60</tspan><tspan x="37.35376627508612">40</tspan><tspan x="22.353766275086123">20</tspan><tspan x="7.353766275086124">0</tspan><tspan x="2.853766275086124" style="text-anchor:middle;font-size:1.9999999999999998;fill:grey">-6</tspan><tspan x="82.35376627508612">100</tspan><tspan x="67.35376627508612">80</tspan><tspan x="52.35376627508612">60</tspan><tspan x="37.35376627508612">40</tspan><tspan x="22.353766275086123">20</tspan><tspan x="7.353766275086124">0</tspan><tspan x="2.853766275086124" style="text-anchor:middle;font-size:1.9999999999999998;fill:grey">-6</tspan><tspan x="82.35376627508612">100</tspan><tspan x="67.35376627508612">80</tspan><tspan x="52.35376627508612">60</tspan><tspan x="37.35376627508612">40</tspan><tspan x="22.353766275086123">20</tspan><tspan x="7.353766275086124">0</tspan><tspan x="2.853766275086124" style="text-anchor:middle;font-size:1.9999999999999998;fill:grey">-6</tspan><tspan x="82.35376627508612">100</tspan><tspan x="67.35376627508612">80</tspan><tspan x="52.35376627508612">60</tspan><tspan x="37.35376627508612">40</tspan><tspan x="22.353766275086123">20</tspan><tspan x="7.353766275086124">0</tspan><tspan x="2.853766275086124" style="text-anchor:middle;font-size:1.9999999999999998;fill:grey">-6</tspan></text><path style="fill:none;stroke:#ed333b;stroke-width:0.26499999999999996" d="M 7.353766275086124 22.50317350000002 L 7.353766275086124 182.5031735 M 22.353766275086123 22.50317350000002 L 22.353766275086123 182.5031735 M 37.35376627508612 22.50317350000002 L 37.35376627508612 182.5031735 M 52.35376627508612 22.50317350000002 L 52.35376627508612 182.5031735 M 67.35376627508612 22.50317350000002 L 67.35376627508612 182.5031735 M 82.35376627508612 22.50317350000002 L 82.35376627508612 182.5031735 "/><path style="fill:none;stroke:#ffbe6f;stroke-width:0.26499999999999996" d="M 14.853766275086123 22.50317350000002 L 14.853766275086123 182.5031735 M 29.853766275086123 22.50317350000002 L 29.853766275086123 182.5031735 M 44.85376627508612 22.50317350000002 L 44.85376627508612 182.5031735 M 59.85376627508612 22.50317350000002 L 59.85376627508612 182.5031735 M 74.85376627508612 22.50317350000002 L 74.85376627508612 182.5031735 "/><path style="fill:none;stroke:#f9f06b;stroke-width:0.26499999999999996" d="M 2.853766275086124 22.50317350000002 L 2.853766275086124 182.5031735 M 4.353766275086124 22.50317350000002 L 4.353766275086124 182.5031735 M 5.853766275086124 22.50317350000002 L 5.853766275086124 182.5031735 M 8.853766275086123 22.50317350000002 L 8.853766275086123 182.5031735 M 10.353766275086123 22.50317350000002 L 10.353766275086123 182.5031735 M 11.853766275086123 22.50317350000002 L 11.853766275086123 182.5031735 M 13.353766275086123 22.50317350000002 L 13.353766275086123 182.5031735 M 16.353766275086123 22.50317350000002 L 16.353766275086123 182.5031735 M 17.853766275086123 22.50317350000002 L 17.853766275086123 182.5031735 M 19.353766275086123 22.50317350000002 L 19.353766275086123 182.5031735 M 20.853766275086123 22.50317350000002 L 20.853766275086123 182.5031735 M 23.853766275086123 22.50317350000002 L 23.853766275086123 182.5031735 M 25.353766275086123 22.50317350000002 L 25.353766275086123 182.5031735 M 26.853766275086123 22.50317350000002 L 26.853766275086123 182.5031735 M 28.353766275086123 22.50317350000002 L 28.353766275086123 182.5031735 M 31.353766275086123 22.50317350000002 L 31.353766275086123 182.5031735 M 32.85376627508612 22.50317350000002 L 32.85376627508612 182.5031735 M 34.35376627508612 22.50317350000002 L 34.35376627508612 182.5031735 M 35.85376627508612 22.50317350000002 L 35.85376627508612 182.5031735 M 38.85376627508612 22.50317350000002 L 38.85376627508612 182.5031735 M 40.35376627508612 22.50317350000002 L 40.35376627508612 182.5031735 M 41.85376627508612 22.50317350000002 L 41.85376627508612 182.5031735 M 43.35376627508612 22.50317350000002 L 43.35376627508612 182.5031735 M 46.35376627508612 22.50317350000002 L 46.35376627508612 182.5031735 M 47.85376627508612 22.50317350000002 L 47.85376627508612 182.5031735 M 49.35376627508612 22.50317350000002 L 49.35376627508612 182.5031735 M 50.85376627508612 22.50317350000002 L 50.85376627508612 182.5031735 M 53.85376627508612 22.50317350000002 L 53.85376627508612 182.5031735 M 55.35376627508612 22.50317350000002 L 55.35376627508612 182.5031735 M 56.85376627508612 22.50317350000002 L 56.85376627508612 182.5031735 M 58.35376627508612 22.50317350000002 L 58.35376627508612 182.5031735 M 61.35376627508612 22.50317350000002 L 61.35376627508612 182.5031735 M 62.85376627508612 22.50317350000002 L 62.85376627508612 182.5031735 M 64.35376627508612 22.50317350000002 L 64.35376627508612 182.5031735 M 65.85376627508612 22.50317350000002 L 65.85376627508612 182.5031735 M 68.85376627508612 22.50317350000002 L 68.85376627508612 182.5031735 M 70.35376627508612 22.50317350000002 L 70.35376627508612 182.5031735 M 71.85376627508612 22.50317350000002 L 71.85376627508612 182.5031735 M 73.35376627508612 22.50317350000002 L 73.35376627508612 182.5031735 M 76.35376627508612 22.50317350000002 L 76.35376627508612 182.5031735 M 77.85376627508612 22.50317350000002 L 77.85376627508612 182.5031735 M 79.35376627508612 22.50317350000002 L 79.35376627508612 182.5031735 M 80.85376627508612 22.50317350000002 L 80.85376627508612 182.5031735 "/><path style="fill:none;stroke:#000000;stroke-width:0.26499999999999996" d="M 2.853766275086124 22.50317350000002 L 2.853766275086124 182.5031735 M 4.353766275086124 22.50317350000002 L 4.353766275086124 182.5031735 M 5.853766275086124 22.50317350000002 L 5.853766275086124 182.5031735 M 7.353766275086124 22.50317350000002 L 7.353766275086124 182.5031735 M 8.853766275086123 22.50317350000002 L 8.853766275086123 182.5031735 M 10.353766275086123 22.50317350000002 L 10.353766275086123 182.5031735 M 11.853766275086123 22.50317350000002 L 11.853766275086123 182.5031735 M 13.353766275086123 22.50317350000002 L 13.353766275086123 182.5031735 M 14.853766275086123 22.50317350000002 L 14.853766275086123 182.5031735 M 16.353766275086123 22.50317350000002 L 16.353766275086123 182.5031735 M 17.853766275086123 22.50317350000002 L 17.853766275086123 182.5031735 M 19.353766275086123 22.50317350000002 L 19.353766275086123 182.5031735 M 20.853766275086123 22.50317350000002 L 20.853766275086123 182.5031735 M 22.353766275086123 22.50317350000002 L 22.353766275086123 182.5031735 M 23.853766275086123 22.50317350000002 L 23.853766275086123 182.5031735 M 25.353766275086123 22.50317350000002 L 25.353766275086123 182.5031735 M 26.853766275086123 22.50317350000002 L 26.853766275086123 182.5031735 M 28.353766275086123 22.50317350000002 L 28.353766275086123 182.5031735 M 29.853766275086123 22.50317350000002 L 29.853766275086123 182.5031735 M 31.353766275086123 22.50317350000002 L 31.353766275086123 182.5031735 M 32.85376627508612 22.50317350000002 L 32.85376627508612 182.5031735 M 34.35376627508612 22.50317350000002 L 34.35376627508612 182.5031735 M 35.85376627508612 22.50317350000002 L 35.85376627508612 182.5031735 M 37.35376627508612 22.50317350000002 L 37.35376627508612 182.5031735 M 38.85376627508612 22.50317350000002 L 38.85376627508612 182.5031735 M 40.35376627508612 22.50317350000002 L 40.35376627508612 182.5031735 M 41.85376627508612 22.50317350000002 L 41.85376627508612 182.5031735 M 43.35376627508612 22.50317350000002 L 43.35376627508612 182.5031735 M 44.85376627508612 22.50317350000002 L 44.85376627508612 182.5031735 M 46.35376627508612 22.50317350000002 L 46.35376627508612 182.5031735 M 47.85376627508612 22.50317350000002 L 47.85376627508612 182.5031735 M 49.35376627508612 22.50317350000002 L 49.35376627508612 182.5031735 M 50.85376627508612 22.50317350000002 L 50.85376627508612 182.5031735 M 52.35376627508612 22.50317350000002 L 52.35376627508612 182.5031735 M 53.85376627508612 22.50317350000002 L 53.85376627508612 182.5031735 M 55.35376627508612 22.50317350000002 L 55.35376627508612 182.5031735 M 56.85376627508612 22.50317350000002 L 56.85376627508612 182.5031735 M 58.35376627508612 22.50317350000002 L 58.35376627508612 182.5031735 M 59.85376627508612 22.50317350000002 L 59.85376627508612 182.5031735 M 61.35376627508612 22.50317350000002 L 61.35376627508612 182.5031735 M 62.85376627508612 22.50317350000002 L 62.85376627508612 182.5031735 M 64.35376627508612 22.50317350000002 L 64.35376627508612 182.5031735 M 65.85376627508612 22.50317350000002 L 65.85376627508612 182.5031735 M 67.35376627508612 22.50317350000002 L 67.35376627508612 182.5031735 M 68.85376627508612 22.50317350000002 L 68.85376627508612 182.5031735 M 70.35376627508612 22.50317350000002 L 70.35376627508612 182.5031735 M 71.85376627508612 22.50317350000002 L 71.85376627508612 182.5031735 M 73.35376627508612 22.50317350000002 L 73.35376627508612 182.5031735 M 74.85376627508612 22.50317350000002 L 74.85376627508612 182.5031735 M 76.35376627508612 22.50317350000002 L 76.35376627508612 182.5031735 M 77.85376627508612 22.50317350000002 L 77.85376627508612 182.5031735 M 79.35376627508612 22.50317350000002 L 79.35376627508612 182.5031735 M 80.85376627508612 22.50317350000002 L 80.85376627508612 182.5031735 M 82.35376627508612 22.50317350000002 L 82.35376627508612 182.5031735 " clip-path="url(#clipPath5815)"/></g></g><metadata id="metadata37"><rdf:RDF><cc:Work rdf:about=""><dc:format>image/svg+xml</dc:format><dc:type rdf:resource="http://purl.org/dc/dcmitype/StillImage"/></cc:Work></rdf:RDF></metadata><defs id="defs35"><clipPath id="clipPath5815"><g transform="scale(0.85209, 1)"><path d="m 57.898584,27.516749 c 3.282202,2.018994 6.174736,4.763796 8.058843,8.148768 1.749224,2.997443 5.097776,4.568962 8.332895,5.41467 1.39167,0.391809 2.879688,0.648732 4.299192,0.22909 2.102472,-0.539541 3.804614,-1.982597 5.324746,-3.466331 3.455626,-3.018855 8.337157,-3.521998 12.734857,-3.140893 -1.779176,10.116374 -3.05311,20.369776 -2.901098,30.659574 0.147753,6.637192 0.389689,13.270118 0.689433,19.903028 0.196953,5.211273 0.618759,10.413978 0.678686,15.629525 0.237654,11.21045 0.02143,22.43589 -0.832862,33.61848 -0.922763,13.17164 -1.473008,26.36467 -1.832702,39.56199 -3.624787,-1.59934 -7.731264,-1.85628 -11.597969,-1.13046 -2.331581,0.40036 -4.543269,1.25679 -6.814903,1.8841 -4.768078,1.34456 -9.643207,2.47931 -14.612541,2.66131 -0.413241,-11.46951 -0.989157,-22.93687 -1.08122,-34.41495 -0.346848,-14.82664 -0.794323,-29.65543 -0.749361,-44.488501 -0.723669,-0.35754 -1.473031,-0.8093 -1.781318,-1.59506 -0.749361,-1.62076 -0.02997,-3.404245 -0.246219,-5.097798 -0.08777,-1.177569 -0.563092,-2.335859 -1.447337,-3.136615 -0.787878,1.132617 -1.768493,2.160306 -2.421485,3.367848 0.47959,2.537116 0.586643,5.123495 0.565233,7.701295 -0.03212,2.776911 0.511684,5.551691 0.175542,8.328601 -0.449616,4.50475 -1.363837,9.06513 -3.524138,13.09026 -0.695836,1.38099 -1.807052,2.48147 -2.646315,3.76823 -0.984896,1.48587 -1.877686,3.04026 -2.579943,4.67815 -0.466766,1.42166 -0.199137,2.95034 0.03426,4.39127 0.39395,2.24808 1.173285,4.40624 1.575799,6.65218 0.614476,3.16658 0.856413,6.39955 0.800746,9.62393 -0.181988,5.20699 -0.167,10.42041 -0.222668,15.62953 -0.102775,2.53285 -0.235513,5.11065 -1.014848,7.54287 -0.357553,1.04695 -0.99344,2.24594 -2.205243,2.42578 -1.094088,0.32116 -2.258788,-0.11135 -3.0317,-0.90351 -1.391671,-1.41094 -2.13675,-3.29721 -2.804751,-5.12563 -1.57368,-4.86014 -2.933235,-9.7888 -4.145059,-14.75171 -0.678686,2.35298 -1.252504,4.76808 -2.400097,6.95192 -0.481731,0.88853 -1.055506,1.78776 -1.926928,2.34015 -0.802886,0.50529 -1.849851,0.31259 -2.629186,-0.13494 -1.216085,-0.78576 -1.704262,-2.26093 -1.991139,-3.60764 -0.297603,-1.66572 -0.582361,-3.33786 -0.745079,-5.02287 -0.30833,-2.824 -0.0364,-5.66303 -0.02356,-8.49346 0.0022,-3.02527 0.35967,-6.03985 0.252619,-9.06728 -0.02783,-1.30169 -0.378962,-2.56274 -0.616617,-3.83453 -1.004123,-4.69957 -2.569238,-9.31133 -4.988582,-13.47778 -2.134631,-3.6419 -3.663326,-7.61137 -4.780945,-11.67505 -0.856413,-3.05954 -1.391671,-6.19614 -2.042545,-9.302791 C 9.8967179,95.66793 9.2308349,91.441539 8.6741679,87.202289 8.1453329,82.648321 8.3037689,78.040822 8.7619469,73.486839 8.6870169,71.185232 7.9590596,68.969264 7.4837501,66.729745 6.9934547,64.864908 6.6209151,62.970094 6.034272,61.133089 5.2527963,58.133503 4.8781155,55.052559 4.4284991,51.990883 3.9660354,49.839147 3.9895873,47.612473 4.2379461,45.435044 c 0.072799,-0.749359 0.246219,-1.49444 0.2012791,-2.250225 -0.5267146,0.790043 -0.4838731,1.830583 -1.0790797,2.594932 -0.068539,-1.288901 0.1798469,-2.6142 0.8328607,-3.740383 0.3746809,-0.629464 0.7001179,-1.28676 1.0212725,-1.948339 -0.5138473,0.515989 -0.9698875,1.119761 -1.6443335,1.438774 0.1327471,-1.804889 1.3317209,-3.277919 2.0939284,-4.858001 1.26747,-2.714828 3.8645413,-4.613924 6.6778574,-5.496028 2.744824,-0.873541 5.660908,-1.098349 8.525608,-0.961324 1.875544,0.267629 3.868825,0.678707 5.331148,1.97189 1.372401,1.192555 2.751248,2.376546 4.119367,3.575524 0.794323,0.627322 1.873402,0.2505 2.766192,0.07279 2.684854,-0.730091 5.388976,-1.383106 8.097403,-2.027557 2.24166,-0.569514 4.549692,-1.008426 6.874852,-0.909938 0.702259,0.01713 1.37238,0.259064 1.976173,0.614476 -3.121625,2.400098 -6.735686,4.052973 -9.942974,6.33103 -1.834842,1.26535 -3.648296,2.609919 -5.069941,4.342014 -1.749223,1.629325 -2.378687,4.072242 -2.519994,6.380274 -0.18841,2.295186 -0.370398,4.780924 0.753644,6.883417 1.879825,2.999585 4.010151,5.830029 6.076247,8.703293 2.485739,3.477036 5.091373,6.894117 7.08037,10.690167 1.841288,3.344293 2.618483,7.116802 3.900983,10.68375 1.025531,-1.01485 1.894811,-2.181702 2.988879,-3.130186 -0.451757,-2.759787 -0.974169,-5.530282 -0.942054,-8.337183 0.01072,-2.209545 0.276193,-4.41266 0.655177,-6.587949 0.192672,-0.935631 0.554527,-1.909799 1.338146,-2.511429 0.229067,-0.224809 0.608052,-0.376823 0.610193,-0.755785 1.336004,-10.298363 1.687132,-20.684507 2.297327,-31.042818 0.171239,-2.549969 0.329655,-5.106361 0.640104,-7.643483 z" id="woodpecker" style="stroke:#000000;stroke-width:0.0200829"/></g></clipPath></defs></svg>