<svg xmlns="http://www.w3.org/2000/svg" xmlns:svg="http://www.w3.org/2000/svg" xmlns:rdf="http://www.w3.org/1999/02/22-rdf-syntax-ns#" xmlns:cc="http://creativecommons.org/ns#" xmlns:dc="http://purl.org/dc/elements/1.1/" version="1.1" id="Layer_1" x="0px" y="0px" viewBox="0 0 209.99999999999997 296.99999999999994" xml:space="preserve" width="209.99999999999997mm" height="296.99999999999994mm"><ns0:namedview xmlns:ns0="http://sodipodi.sourceforge.net/DTD/sodipodi-0.dtd"><ns0:page xmlns:ns0="http://www.inkscape.org/namespaces/inkscape" width="209.99999999999997" height="296.99999999999994" x="0.0" y="0"/><ns0:page xmlns:ns0="http://www.inkscape.org/namespaces/inkscape" width="209.99999999999997" height="296.99999999999994" x="214.99999999999997" y="0"/><ns0:page xmlns:ns0="http://www.inkscape.org/namespaces/inkscape" width="209.99999999999997" height="296.99999999999994" x="429.99999999999994" y="0"/><ns0:page xmlns:ns0="http://www.inkscape.org/namespaces/inkscape" width="209.99999999999997" height="296.99999999999994" x="644.9999999999999" y="0"/></ns0:namedview><g xmlns:ns1="http://www.inkscape.org/namespaces/inkscape" ns1:groupmode="layer" ns1:label="Book Art"><g transform="translate(97.2058, 56.0104)"><text y="231.4896" style="text-anchor:middle;font-size:1.9999999999999998"><tspan x="707.794227450429">300</tspan><tspan x="657.794227450429">280</tspan><tspan x="607.794227450429">260</tspan><tspan x="602.794227450429" style="text-anchor:middle;font-size:0.9999999999999999;fill:grey">258</tspan><tspan x="707.794227450429">300</tspan><tspan x="657.794227450429">280</tspan><tspan x="607.794227450429">260</tspan><tspan x="602.794227450429" style="text-anchor:middle;font-size:0.9999999999999999;fill:grey">258</tspan><tspan x="707.794227450429">300</tspan><tspan x="657.794227450429">280</tspan><tspan x="607.794227450429">260</tspan><tspan x="602.794227450429" style="text-anchor:middle;font-size:0.9999999999999999;fill:grey">258</tspan><tspan x="707.794227450429">300</tspan><tspan x="657.794227450429">280</tspan><tspan x="607.794227450429">260</tspan><tspan x="602.794227450429" style="text-anchor:middle;font-size:0.9999999999999999;fill:grey">258</tspan></text><path style="fill:none;stroke:#ed333b;stroke-width:0.3" d="M 607.794227450429 -42.510400000000004 L 607.794227450429 227.4896 M 657.794227450429 -42.510400000000004 L 657.794227450429 227.4896 M 707.794227450429 -42.510400000000004 L 707.794227450429 227.4896 "/><path style="fill:none;stroke:#ffbe6f;stroke-width:0.3" d="M 632.794227450429 -42.510400000000004 L 632.794227450429 227.4896 M 682.794227450429 -42.510400000000004 L 682.794227450429 227.4896 "/><path style="fill:none;stroke:#f9f06b;stroke-width:0.3" d="M 602.794227450429 -42.510400000000004 L 602.794227450429 227.4896 M 612.794227450429 -42.510400000000004 L 612.794227450429 227.4896 M 617.794227450429 -42.510400000000004 L 617.794227450429 227.4896 M 622.794227450429 -42.510400000000004 L 622.794227450429 227.4896 M 627.794227450429 -42.510400000000004 L 627.794227450429 227.4896 M 637.794227450429 -42.510400000000004 L 637.794227450429 227.4896 M 642.794227450429 -42.510400000000004 L 642.794227450429 227.4896 M 647.794227450429 -42.510400000000004 L 647.794227450429 227.4896 M 652.794227450429 -42.510400000000004 L 652.794227450429 227.4896 M 662.794227450429 -42.510400000000004 L 662.794227450429 227.4896 M 667.794227450429 -42.510400000000004 L 667.794227450429 227.4896 M 672.794227450429 -42.510400000000004 L 672.794227450429 227.4896 M 677.794227450429 -42.510400000000004 L 677.794227450429 227.4896 M 687.794227450429 -42.510400000000004 L 687.794227450429 227.4896 M 692.794227450429 -42.510400000000004 L 692.794227450429 227.4896 M 697.794227450429 -42.510400000000004 L 697.794227450429 227.4896 M 702.794227450429 -42.510400000000004 L 702.794227450429 227.4896 "/><path style="fill:none;stroke:#000000;stroke-width:0.3" d="M 602.794227450429 -42.510400000000004 L 602.794227450429 227.4896 M 607.794227450429 -42.510400000000004 L 607.794227450429 227.4896 M 612.794227450429 -42.510400000000004 L 612.794227450429 227.4896 M 617.794227450429 -42.510400000000004 L 617.794227450429 227.4896 M 622.794227450429 -42.510400000000004 L 622.794227450429 227.4896 M 627.794227450429 -42.510400000000004 L 627.794227450429 227.4896 M 632.794227450429 -42.510400000000004 L 632.794227450429 227.4896 M 637.794227450429 -42.510400000000004 L 637.794227450429 227.4896 M 642.794227450429 -42.510400000000004 L 642.794227450429 227.4896 M 647.794227450429 -42.510400000000004 L 647.794227450429 227.4896 M 652.794227450429 -42.510400000000004 L 652.794227450429 227.4896 M 657.794227450429 -42.510400000000004 L 657.794227450429 227.4896 M 662.794227450429 -42.510400000000004 L 662.794227450429 227.4896 M 667.794227450429 -42.510400000000004 L 667.794227450429 227.4896 M 672.794227450429 -42.510400000000004 L 672.794227450429 227.4896 M 677.794227450429 -42.510400000000004 L 677.794227450429 227.4896 M 682.794227450429 -42.510400000000004 L 682.794227450429 227.4896 M 687.794227450429 -42.510400000000004 L 687.794227450429 227.4896 M 692.794227450429 -42.510400000000004 L 692.794227450429 227.4896 M 697.794227450429 -42.510400000000004 L 697.794227450429 227.4896 M 702.794227450429 -42.510400000000004 L 702.794227450429 227.4896 M 707.794227450429 -42.510400000000004 L 707.794227450429 227.4896 " clip-path="url(#clipPath5815)"/></g><g transform="translate(39.7058, 56.0104)"><text y="231.4896" style="text-anchor:middle;font-size:1.9999999999999998"><tspan x="597.794227450429" style="text-anchor:middle;font-size:0.9999999999999999;fill:grey">256</tspan><tspan x="557.794227450429">240</tspan><tspan x="507.79422745042905">220</tspan><tspan x="457.79422745042905">200</tspan><tspan x="407.79422745042905">180</tspan><tspan x="392.79422745042905" style="text-anchor:middle;font-size:0.9999999999999999;fill:grey">174</tspan><tspan x="597.794227450429" style="text-anchor:middle;font-size:0.9999999999999999;fill:grey">256</tspan><tspan x="557.794227450429">240</tspan><tspan x="507.79422745042905">220</tspan><tspan x="457.79422745042905">200</tspan><tspan x="407.79422745042905">180</tspan><tspan x="392.79422745042905" style="text-anchor:middle;font-size:0.9999999999999999;fill:grey">174</tspan><tspan x="597.794227450429" style="text-anchor:middle;font-size:0.9999999999999999;fill:grey">256</tspan><tspan x="557.794227450429">240</tspan><tspan x="507.79422745042905">220</tspan><tspan x="457.79422745042905">200</tspan><tspan x="407.79422745042905">180</tspan><tspan x="392.79422745042905" style="text-anchor:middle;font-size:0.9999999999999999;fill:grey">174</tspan><tspan x="597.794227450429" style="text-anchor:middle;font-size:0.9999999999999999;fill:grey">256</tspan><tspan x="557.794227450429">240</tspan><tspan x="507.79422745042905">220</tspan><tspan x="457.79422745042905">200</tspan><tspan x="407.79422745042905">180</tspan><tspan x="392.79422745042905" style="text-anchor:middle;font-size:0.9999999999999999;fill:grey">174</tspan></text><path style="fill:none;stroke:#ed333b;stroke-width:0.3" d="M 407.79422745042905 -42.510400000000004 L 407.79422745042905 227.4896 M 457.79422745042905 -42.510400000000004 L 457.79422745042905 227.4896 M 507.79422745042905 -42.510400000000004 L 507.79422745042905 227.4896 M 557.794227450429 -42.510400000000004 L 557.794227450429 227.4896 "/><path style="fill:none;stroke:#ffbe6f;stroke-width:0.3" d="M 432.79422745042905 -42.510400000000004 L 432.79422745042905 227.4896 M 482.79422745042905 -42.510400000000004 L 482.79422745042905 227.4896 M 532.794227450429 -42.510400000000004 L 532.794227450429 227.4896 M 582.794227450429 -42.510400000000004 L 582.794227450429 227.4896 "/><path style="fill:none;stroke:#f9f06b;stroke-width:0.3" d="M 392.79422745042905 -42.510400000000004 L 392.79422745042905 227.4896 M 397.79422745042905 -42.510400000000004 L 397.79422745042905 227.4896 M 402.79422745042905 -42.510400000000004 L 402.79422745042905 227.4896 M 412.79422745042905 -42.510400000000004 L 412.79422745042905 227.4896 M 417.79422745042905 -42.510400000000004 L 417.79422745042905 227.4896 M 422.79422745042905 -42.510400000000004 L 422.79422745042905 227.4896 M 427.79422745042905 -42.510400000000004 L 427.79422745042905 227.4896 M 437.79422745042905 -42.510400000000004 L 437.79422745042905 227.4896 M 442.79422745042905 -42.510400000000004 L 442.79422745042905 227.4896 M 447.79422745042905 -42.510400000000004 L 447.79422745042905 227.4896 M 452.79422745042905 -42.510400000000004 L 452.79422745042905 227.4896 M 462.79422745042905 -42.510400000000004 L 462.79422745042905 227.4896 M 467.79422745042905 -42.510400000000004 L 467.79422745042905 227.4896 M 472.79422745042905 -42.510400000000004 L 472.79422745042905 227.4896 M 477.79422745042905 -42.510400000000004 L 477.79422745042905 227.4896 M 487.79422745042905 -42.510400000000004 L 487.79422745042905 227.4896 M 492.79422745042905 -42.510400000000004 L 492.79422745042905 227.4896 M 497.79422745042905 -42.510400000000004 L 497.79422745042905 227.4896 M 502.79422745042905 -42.510400000000004 L 502.79422745042905 227.4896 M 512.794227450429 -42.510400000000004 L 512.794227450429 227.4896 M 517.794227450429 -42.510400000000004 L 517.794227450429 227.4896 M 522.794227450429 -42.510400000000004 L 522.794227450429 227.4896 M 527.794227450429 -42.510400000000004 L 527.794227450429 227.4896 M 537.794227450429 -42.510400000000004 L 537.794227450429 227.4896 M 542.794227450429 -42.510400000000004 L 542.794227450429 227.4896 M 547.794227450429 -42.510400000000004 L 547.794227450429 227.4896 M 552.794227450429 -42.510400000000004 L 552.794227450429 227.4896 M 562.794227450429 -42.510400000000004 L 562.794227450429 227.4896 M 567.794227450429 -42.510400000000004 L 567.794227450429 227.4896 M 572.794227450429 -42.510400000000004 L 572.794227450429 227.4896 M 577.794227450429 -42.510400000000004 L 577.794227450429 227.4896 M 587.794227450429 -42.510400000000004 L 587.794227450429 227.4896 M 592.794227450429 -42.510400000000004 L 592.794227450429 227.4896 M 597.794227450429 -42.510400000000004 L 597.794227450429 227.4896 "/><path style="fill:none;stroke:#000000;stroke-width:0.3" d="M 392.79422745042905 -42.510400000000004 L 392.79422745042905 227.4896 M 397.79422745042905 -42.510400000000004 L 397.79422745042905 227.4896 M 402.79422745042905 -42.510400000000004 L 402.79422745042905 227.4896 M 407.79422745042905 -42.510400000000004 L 407.79422745042905 227.4896 M 412.79422745042905 -42.510400000000004 L 412.79422745042905 227.4896 M 417.79422745042905 -42.510400000000004 L 417.79422745042905 227.4896 M 422.79422745042905 -42.510400000000004 L 422.79422745042905 227.4896 M 427.79422745042905 -42.510400000000004 L 427.79422745042905 227.4896 M 432.79422745042905 -42.510400000000004 L 432.79422745042905 227.4896 M 437.79422745042905 -42.510400000000004 L 437.79422745042905 227.4896 M 442.79422745042905 -42.510400000000004 L 442.79422745042905 227.4896 M 447.79422745042905 -42.510400000000004 L 447.79422745042905 227.4896 M 452.79422745042905 -42.510400000000004 L 452.79422745042905 227.4896 M 457.79422745042905 -42.510400000000004 L 457.79422745042905 227.4896 M 462.79422745042905 -42.510400000000004 L 462.79422745042905 227.4896 M 467.79422745042905 -42.510400000000004 L 467.79422745042905 227.4896 M 472.79422745042905 -42.510400000000004 L 472.79422745042905 227.4896 M 477.79422745042905 -42.510400000000004 L 477.79422745042905 227.4896 M 482.79422745042905 -42.510400000000004 L 482.79422745042905 227.4896 M 487.79422745042905 -42.510400000000004 L 487.79422745042905 227.4896 M 492.79422745042905 -42.510400000000004 L 492.79422745042905 227.4896 M 497.79422745042905 -42.510400000000004 L 497.79422745042905 227.4896 M 502.79422745042905 -42.510400000000004 L 502.79422745042905 227.4896 M 507.79422745042905 -42.510400000000004 L 507.79422745042905 227.4896 M 512.794227450429 -42.510400000000004 L 512.794227450429 227.4896 M 517.794227450429 -42.510400000000004 L 517.794227450429 227.4896 M 522.794227450429 -42.510400000000004 L 522.794227450429 227.4896 M 527.794227450429 -42.510400000000004 L 527.794227450429 227.4896 M 532.794227450429 -42.510400000000004 L 532.794227450429 227.4896 M 537.794227450429 -42.510400000000004 L 537.794227450429 227.4896 M 542.794227450429 -42.510400000000004 L 542.794227450429 227.4896 M 547.794227450429 -42.510400000000004 L 547.794227450429 227.4896 M 552.794227450429 -42.510400000000004 L 552.794227450429 227.4896 M 557.794227450429 -42.510400000000004 L 557.794227450429 227.4896 M 562.794227450429 -42.510400000000004 L 562.794227450429 227.4896 M 567.794227450429 -42.510400000000004 L 567.794227450429 227.4896 M 572.794227450429 -42.510400000000004 L 572.794227450429 227.4896 M 577.794227450429 -42.510400000000004 L 577.794227450429 227.4896 M 582.794227450429 -42.510400000000004 L 582.794227450429 227.4896 M 587.794227450429 -42.510400000000004 L 587.794227450429 227.4896 M 592.794227450429 -42.510400000000004 L 592.794227450429 227.4896 M 597.794227450429 -42.510400000000004 L 597.794227450429 227.4896 " clip-path="url(#clipPath5815)"/></g><g transform="translate(32.2058, 56.0104)"><text y="231.4896" style="text-anchor:middle;font-size:1.9999999999999998"><tspan x="387.7942274504291" style="text-anchor:middle;font-size:0.9999999999999999;fill:grey">172</tspan><tspan x="357.7942274504291">160</tspan><tspan x="307.7942274504291">140</tspan><tspan x="257.7942274504291">120</tspan><tspan x="207.7942274504291">100</tspan><tspan x="182.7942274504291" style="text-anchor:middle;font-size:0.9999999999999999;fill:grey">90</tspan><tspan x="387.7942274504291" style="text-anchor:middle;font-size:0.9999999999999999;fill:grey">172</tspan><tspan x="357.7942274504291">160</tspan><tspan x="307.7942274504291">140</tspan><tspan x="257.7942274504291">120</tspan><tspan x="207.7942274504291">100</tspan><tspan x="182.7942274504291" style="text-anchor:middle;font-size:0.9999999999999999;fill:grey">90</tspan><tspan x="387.7942274504291" style="text-anchor:middle;font-size:0.9999999999999999;fill:grey">172</tspan><tspan x="357.7942274504291">160</tspan><tspan x="307.7942274504291">140</tspan><tspan x="257.7942274504291">120</tspan><tspan x="207.7942274504291">100</tspan><tspan x="182.7942274504291" style="text-anchor:middle;font-size:0.9999999999999999;fill:grey">90</tspan><tspan x="387.7942274504291" style="text-anchor:middle;font-size:0.9999999999999999;fill:grey">172</tspan><tspan x="357.7942274504291">160</tspan><tspan x="307.7942274504291">140</tspan><tspan x="257.7942274504291">120</tspan><tspan x="207.7942274504291">100</tspan><tspan x="182.7942274504291" style="text-anchor:middle;font-size:0.9999999999999999;fill:grey">90</tspan></text><path style="fill:none;stroke:#ed333b;stroke-width:0.3" d="M 207.7942274504291 -42.510400000000004 L 207.7942274504291 227.4896 M 257.7942274504291 -42.510400000000004 L 257.7942274504291 227.4896 M 307.7942274504291 -42.510400000000004 L 307.7942274504291 227.4896 M 357.7942274504291 -42.510400000000004 L 357.7942274504291 227.4896 "/><path style="fill:none;stroke:#ffbe6f;stroke-width:0.3" d="M 182.7942274504291 -42.510400000000004 L 182.7942274504291 227.4896 M 232.7942274504291 -42.510400000000004 L 232.7942274504291 227.4896 M 282.7942274504291 -42.510400000000004 L 282.7942274504291 227.4896 M 332.7942274504291 -42.510400000000004 L 332.7942274504291 227.4896 M 382.7942274504291 -42.510400000000004 L 382.7942274504291 227.4896 "/><path style="fill:none;stroke:#f9f06b;stroke-width:0.3" d="M 187.7942274504291 -42.510400000000004 L 187.7942274504291 227.4896 M 192.7942274504291 -42.510400000000004 L 192.7942274504291 227.4896 M 197.7942274504291 -42.510400000000004 L 197.7942274504291 227.4896 M 202.7942274504291 -42.510400000000004 L 202.7942274504291 227.4896 M 212.7942274504291 -42.510400000000004 L 212.7942274504291 227.4896 M 217.7942274504291 -42.510400000000004 L 217.7942274504291 227.4896 M 222.7942274504291 -42.510400000000004 L 222.7942274504291 227.4896 M 227.7942274504291 -42.510400000000004 L 227.7942274504291 227.4896 M 237.7942274504291 -42.510400000000004 L 237.7942274504291 227.4896 M 242.7942274504291 -42.510400000000004 L 242.7942274504291 227.4896 M 247.7942274504291 -42.510400000000004 L 247.7942274504291 227.4896 M 252.7942274504291 -42.510400000000004 L 252.7942274504291 227.4896 M 262.7942274504291 -42.510400000000004 L 262.7942274504291 227.4896 M 267.7942274504291 -42.510400000000004 L 267.7942274504291 227.4896 M 272.7942274504291 -42.510400000000004 L 272.7942274504291 227.4896 M 277.7942274504291 -42.510400000000004 L 277.7942274504291 227.4896 M 287.7942274504291 -42.510400000000004 L 287.7942274504291 227.4896 M 292.7942274504291 -42.510400000000004 L 292.7942274504291 227.4896 M 297.7942274504291 -42.510400000000004 L 297.7942274504291 227.4896 M 302.7942274504291 -42.510400000000004 L 302.7942274504291 227.4896 M 312.7942274504291 -42.510400000000004 L 312.7942274504291 227.4896 M 317.7942274504291 -42.510400000000004 L 317.7942274504291 227.4896 M 322.7942274504291 -42.510400000000004 L 322.7942274504291 227.4896 M 327.7942274504291 -42.510400000000004 L 327.7942274504291 227.4896 M 337.7942274504291 -42.510400000000004 L 337.7942274504291 227.4896 M 342.7942274504291 -42.510400000000004 L 342.7942274504291 227.4896 M 347.7942274504291 -42.510400000000004 L 347.7942274504291 227.4896 M 352.7942274504291 -42.510400000000004 L 352.7942274504291 227.4896 M 362.7942274504291 -42.510400000000004 L 362.7942274504291 227.4896 M 367.7942274504291 -42.510400000000004 L 367.7942274504291 227.4896 M 372.7942274504291 -42.510400000000004 L 372.7942274504291 227.4896 M 377.7942274504291 -42.510400000000004 L 377.7942274504291 227.4896 M 387.7942274504291 -42.510400000000004 L 387.7942274504291 227.4896 "/><path style="fill:none;stroke:#000000;stroke-width:0.3" d="M 182.7942274504291 -42.510400000000004 L 182.7942274504291 227.4896 M 187.7942274504291 -42.510400000000004 L 187.7942274504291 227.4896 M 192.7942274504291 -42.510400000000004 L 192.7942274504291 227.4896 M 197.7942274504291 -42.510400000000004 L 197.7942274504291 227.4896 M 202.7942274504291 -42.510400000000004 L 202.7942274504291 227.4896 M 207.7942274504291 -42.510400000000004 L 207.7942274504291 227.4896 M 212.7942274504291 -42.510400000000004 L 212.7942274504291 227.4896 M 217.7942274504291 -42.510400000000004 L 217.7942274504291 227.4896 M 222.7942274504291 -42.510400000000004 L 222.7942274504291 227.4896 M 227.7942274504291 -42.510400000000004 L 227.7942274504291 227.4896 M 232.7942274504291 -42.510400000000004 L 232.7942274504291 227.4896 M 237.7942274504291 -42.510400000000004 L 237.7942274504291 227.4896 M 242.7942274504291 -42.510400000000004 L 242.7942274504291 227.4896 M 247.7942274504291 -42.510400000000004 L 247.7942274504291 227.4896 M 252.7942274504291 -42.510400000000004 L 252.7942274504291 227.4896 M 257.7942274504291 -42.510400000000004 L 257.7942274504291 227.4896 M 262.7942274504291 -42.510400000000004 L 262.7942274504291 227.4896 M 267.7942274504291 -42.510400000000004 L 267.7942274504291 227.4896 M 272.7942274504291 -42.510400000000004 L 272.7942274504291 227.4896 M 277.7942274504291 -42.510400000000004 L 277.7942274504291 227.4896 M 282.7942274504291 -42.510400000000004 L 282.7942274504291 227.4896 M 287.7942274504291 -42.510400000000004 L 287.7942274504291 227.4896 M 292.7942274504291 -42.510400000000004 L 292.7942274504291 227.4896 M 297.7942274504291 -42.510400000000004 L 297.7942274504291 227.4896 M 302.7942274504291 -42.510400000000004 L 302.7942274504291 227.4896 M 307.7942274504291 -42.510400000000004 L 307.7942274504291 227.4896 M 312.7942274504291 -42.510400000000004 L 312.7942274504291 227.4896 M 317.7942274504291 -42.510400000000004 L 317.7942274504291 227.4896 M 322.7942274504291 -42.510400000000004 L 322.7942274504291 227.4896 M 327.7942274504291 -42.510400000000004 L 327.7942274504291 227.4896 M 332.7942274504291 -42.510400000000004 L 332.7942274504291 227.4896 M 337.7942274504291 -42.510400000000004 L 337.7942274504291 227.4896 M 342.7942274504291 -42.510400000000004 L 342.7942274504291 227.4896 M 347.7942274504291 -42.510400000000004 L 347.7942274504291 227.4896 M 352.7942274504291 -42.510400000000004 L 352.7942274504291 227.4896 M 357.7942274504291 -42.510400000000004 L 357.7942274504291 227.4896 M 362.7942274504291 -42.510400000000004 L 362.7942274504291 227.4896 M 367.7942274504291 -42.510400000000004 L 367.7942274504291 227.4896 M 372.7942274504291 -42.510400000000004 L 372.7942274504291 227.4896 M 377.7942274504291 -42.510400000000004 L 377.7942274504291 227.4896 M 382.7942274504291 -42.510400000000004 L 382.7942274504291 227.4896 M 387.7942274504291 -42.510400000000004 L 387.7942274504291 227.4896 " clip-path="url(#clipPath5815)"/></g><g transform="translate(29.7058, 56.0104)"><text y="231.4896" style="text-anchor:middle;font-size:1.9999999999999998"><tspan x="177.7942274504291" style="text-anchor:middle;font-size:0.9999999999999999;fill:grey">88</tspan><tspan x="157.7942274504291">80</tspan><tspan x="107.79422745042912">60</tspan><tspan x="57.794227450429126">40</tspan><tspan x="7.794227450429126">20</tspan><tspan x="-27.20577254957087" style="text-anchor:middle;font-size:0.9999999999999999;fill:grey">6</tspan><tspan x="177.7942274504291" style="text-anchor:middle;font-size:0.9999999999999999;fill:grey">88</tspan><tspan x="157.7942274504291">80</tspan><tspan x="107.79422745042912">60</tspan><tspan x="57.794227450429126">40</tspan><tspan x="7.794227450429126">20</tspan><tspan x="-27.20577254957087" style="text-anchor:middle;font-size:0.9999999999999999;fill:grey">6</tspan><tspan x="177.7942274504291" style="text-anchor:middle;font-size:0.9999999999999999;fill:grey">88</tspan><tspan x="157.7942274504291">80</tspan><tspan x="107.79422745042912">60</tspan><tspan x="57.794227450429126">40</tspan><tspan x="7.794227450429126">20</tspan><tspan x="-27.20577254957087" style="text-anchor:middle;font-size:0.9999999999999999;fill:grey">6</tspan><tspan x="177.7942274504291" style="text-anchor:middle;font-size:0.9999999999999999;fill:grey">88</tspan><tspan x="157.7942274504291">80</tspan><tspan x="107.79422745042912">60</tspan><tspan x="57.794227450429126">40</tspan><tspan x="7.794227450429126">20</tspan><tspan x="-27.20577254957087" style="text-anchor:middle;font-size:0.9999999999999999;fill:grey">6</tspan></text><path style="fill:none;stroke:#ed333b;stroke-width:0.3" d="M 7.794227450429126 -42.510400000000004 L 7.794227450429126 227.4896 M 57.794227450429126 -42.510400000000004 L 57.794227450429126 227.4896 M 107.79422745042912 -42.510400000000004 L 107.79422745042912 227.4896 M 157.7942274504291 -42.510400000000004 L 157.7942274504291 227.4896 "/><path style="fill:none;stroke:#ffbe6f;stroke-width:0.3" d="M -17.20577254957087 -42.510400000000004 L -17.20577254957087 227.4896 M 32.794227450429126 -42.510400000000004 L 32.794227450429126 227.4896 M 82.79422745042912 -42.510400000000004 L 82.79422745042912 227.4896 M 132.7942274504291 -42.510400000000004 L 132.7942274504291 227.4896 "/><path style="fill:none;stroke:#f9f06b;stroke-width:0.3" d="M -27.20577254957087 -42.510400000000004 L -27.20577254957087 227.4896 M -22.20577254957087 -42.510400000000004 L -22.20577254957087 227.4896 M -12.20577254957087 -42.510400000000004 L -12.20577254957087 227.4896 M -7.205772549570871 -42.510400000000004 L -7.205772549570871 227.4896 M -2.205772549570872 -42.510400000000004 L -2.205772549570872 227.4896 M 2.794227450429127 -42.510400000000004 L 2.794227450429127 227.4896 M 12.794227450429126 -42.510400000000004 L 12.794227450429126 227.4896 M 17.794227450429126 -42.510400000000004 L 17.794227450429126 227.4896 M 22.794227450429126 -42.510400000000004 L 22.794227450429126 227.4896 M 27.794227450429126 -42.510400000000004 L 27.794227450429126 227.4896 M 37.794227450429126 -42.510400000000004 L 37.794227450429126 227.4896 M 42.794227450429126 -42.510400000000004 L 42.794227450429126 227.4896 M 47.794227450429126 -42.510400000000004 L 47.794227450429126 227.4896 M 52.794227450429126 -42.510400000000004 L 52.794227450429126 227.4896 M 62.794227450429126 -42.510400000000004 L 62.794227450429126 227.4896 M 67.79422745042912 -42.510400000000004 L 67.79422745042912 227.4896 M 72.79422745042912 -42.510400000000004 L 72.79422745042912 227.4896 M 77.79422745042912 -42.510400000000004 L 77.79422745042912 227.4896 M 87.79422745042912 -42.510400000000004 L 87.79422745042912 227.4896 M 92.79422745042912 -42.510400000000004 L 92.79422745042912 227.4896 M 97.79422745042912 -42.510400000000004 L 97.79422745042912 227.4896 M 102.79422745042912 -42.510400000000004 L 102.79422745042912 227.4896 M 112.79422745042912 -42.510400000000004 L 112.79422745042912 227.4896 M 117.79422745042912 -42.510400000000004 L 117.79422745042912 227.4896 M 122.79422745042912 -42.510400000000004 L 122.79422745042912 227.4896 M 127.79422745042912 -42.510400000000004 L 127.79422745042912 227.4896 M 137.7942274504291 -42.510400000000004 L 137.7942274504291 227.4896 M 142.7942274504291 -42.510400000000004 L 142.7942274504291 227.4896 M 147.7942274504291 -42.510400000000004 L 147.7942274504291 227.4896 M 152.7942274504291 -42.510400000000004 L 152.7942274504291 227.4896 M 162.7942274504291 -42.510400000000004 L 162.7942274504291 227.4896 M 167.7942274504291 -42.510400000000004 L 167.7942274504291 227.4896 M 172.7942274504291 -42.510400000000004 L 172.7942274504291 227.4896 M 177.7942274504291 -42.510400000000004 L 177.7942274504291 227.4896 "/><path style="fill:none;stroke:#000000;stroke-width:0.3" d="M -27.20577254957087 -42.510400000000004 L -27.20577254957087 227.4896 M -22.20577254957087 -42.510400000000004 L -22.20577254957087 227.4896 M -17.20577254957087 -42.510400000000004 L -17.20577254957087 227.4896 M -12.20577254957087 -42.510400000000004 L -12.20577254957087 227.4896 M -7.205772549570871 -42.510400000000004 L -7.205772549570871 227.4896 M -2.205772549570872 -42.510400000000004 L -2.205772549570872 227.4896 M 2.794227450429127 -42.510400000000004 L 2.794227450429127 227.4896 M 7.794227450429126 -42.510400000000004 L 7.794227450429126 227.4896 M 12.794227450429126 -42.510400000000004 L 12.794227450429126 227.4896 M 17.794227450429126 -42.510400000000004 L 17.794227450429126 227.4896 M 22.794227450429126 -42.510400000000004 L 22.794227450429126 227.4896 M 27.794227450429126 -42.510400000000004 L 27.794227450429126 227.4896 M 32.794227450429126 -42.510400000000004 L 32.794227450429126 227.4896 M 37.794227450429126 -42.510400000000004 L 37.794227450429126 227.4896 M 42.794227450429126 -42.510400000000004 L 42.794227450429126 227.4896 M 47.794227450429126 -42.510400000000004 L 47.794227450429126 227.4896 M 52.794227450429126 -42.510400000000004 L 52.794227450429126 227.4896 M 57.794227450429126 -42.510400000000004 L 57.794227450429126 227.4896 M 62.794227450429126 -42.510400000000004 L 62.794227450429126 227.4896 M 67.79422745042912 -42.510400000000004 L 67.79422745042912 227.4896 M 72.79422745042912 -42.510400000000004 L 72.79422745042912 227.4896 M 77.79422745042912 -42.510400000000004 L 77.79422745042912 227.4896 M 82.79422745042912 -42.510400000000004 L 82.79422745042912 227.4896 M 87.79422745042912 -42.510400000000004 L 87.79422745042912 227.4896 M 92.79422745042912 -42.510400000000004 L 92.79422745042912 227.4896 M 97.79422745042912 -42.510400000000004 L 97.79422745042912 227.4896 M 102.79422745042912 -42.510400000000004 L 102.79422745042912 227.4896 M 107.79422745042912 -42.510400000000004 L 107.79422745042912 227.4896 M 112.79422745042912 -42.510400000000004 L 112.79422745042912 227.4896 M 117.79422745042912 -42.510400000000004 L 117.79422745042912 227.4896 M 122.79422745042912 -42.510400000000004 L 122.79422745042912 227.4896 M 127.79422745042912 -42.510400000000004 L 127.79422745042912 227.4896 M 132.7942274504291 -42.510400000000004 L 132.7942274504291 227.4896 M 137.7942274504291 -42.510400000000004 L 137.7942274504291 227.4896 M 142.7942274504291 -42.510400000000004 L 142.7942274504291 227.4896 M 147.7942274504291 -42.510400000000004 L 147.7942274504291 227.4896 M 152.7942274504291 -42.510400000000004 L 152.7942274504291 227.4896 M 157.7942274504291 -42.510400000000004 L 157.7942274504291 227.4896 M 162.7942274504291 -42.510400000000004 L 162.7942274504291 227.4896 M 167.7942274504291 -42.510400000000004 L 167.7942274504291 227.4896 M 172.7942274504291 -42.510400000000004 L 172.7942274504291 227.4896 M 177.7942274504291 -42.510400000000004 L 177.7942274504291 227.4896 " clip-path="url(#clipPath5815)"/></g></g><metadata id="metadata37"><rdf:RDF><cc:Work rdf:about=""><dc:format>image/svg+xml</dc:format><dc:type rdf:resource="http://purl.org/dc/dcmitype/StillImage"/></cc:Work></rdf:RDF></metadata><defs id="defs35"><clipPath id="clipPath5815"><g transform="scale(6.806, 1)"><path d="m 57.898584,27.516749 c 3.282202,2.018994 6.174736,4.763796 8.058843,8.148768 1.749224,2.997443 5.097776,4.568962 8.332895,5.41467 1.39167,0.391809 2.879688,0.648732 4.299192,0.22909 2.102472,-0.539541 3.804614,-1.982597 5.324746,-3.466331 3.455626,-3.018855 8.337157,-3.521998 12.734857,-3.140893 -1.779176,10.116374 -3.05311,20.369776 -2.901098,30.659574 0.147753,6.637192 0.389689,13.270118 0.689433,19.903028 0.196953,5.211273 0.618759,10.413978 0.678686,15.629525 0.237654,11.21045 0.02143,22.43589 -0.832862,33.61848 -0.922763,13.17164 -1.473008,26.36467 -1.832702,39.56199 -3.624787,-1.59934 -7.731264,-1.85628 -11.597969,-1.13046 -2.331581,0.40036 -4.543269,1.25679 -6.814903,1.8841 -4.768078,1.34456 -9.643207,2.47931 -14.612541,2.66131 -0.413241,-11.46951 -0.989157,-22.93687 -1.08122,-34.41495 -0.346848,-14.82664 -0.794323,-29.65543 -0.749361,-44.488501 -0.723669,-0.35754 -1.473031,-0.8093 -1.781318,-1.59506 -0.749361,-1.62076 -0.02997,-3.404245 -0.246219,-5.097798 -0.08777,-1.177569 -0.563092,-2.335859 -1.447337,-3.136615 -0.787878,1.132617 -1.768493,2.160306 -2.421485,3.367848 0.47959,2.537116 0.586643,5.123495 0.565233,7.701295 -0.03212,2.776911 0.511684,5.551691 0.175542,8.328601 -0.449616,4.50475 -1.363837,9.06513 -3.524138,13.09026 -0.695836,1.38099 -1.807052,2.48147 -2.646315,3.76823 -0.984896,1.48587 -1.877686,3.04026 -2.579943,4.67815 -0.466766,1.42166 -0.199137,2.95034 0.03426,4.39127 0.39395,2.24808 1.173285,4.40624 1.575799,6.65218 0.614476,3.16658 0.856413,6.39955 0.800746,9.62393 -0.181988,5.20699 -0.167,10.42041 -0.222668,15.62953 -0.102775,2.53285 -0.235513,5.11065 -1.014848,7.54287 -0.357553,1.04695 -0.99344,2.24594 -2.205243,2.42578 -1.094088,0.32116 -2.258788,-0.11135 -3.0317,-0.90351 -1.391671,-1.41094 -2.13675,-3.29721 -2.804751,-5.12563 -1.57368,-4.86014 -2.933235,-9.7888 -4.145059,-14.75171 -0.678686,2.35298 -1.252504,4.76808 -2.400097,6.95192 -0.481731,0.88853 -1.055506,1.78776 -1.926928,2.34015 -0.802886,0.50529 -1.849851,0.31259 -2.629186,-0.13494 -1.216085,-0.78576 -1.704262,-2.26093 -1.991139,-3.60764 -0.297603,-1.66572 -0.582361,-3.33786 -0.745079,-5.02287 -0.30833,-2.824 -0.0364,-5.66303 -0.02356,-8.49346 0.0022,-3.02527 0.35967,-6.03985 0.252619,-9.06728 -0.02783,-1.30169 -0.378962,-2.56274 -0.616617,-3.83453 -1.004123,-4.69957 -2.569238,-9.31133 -4.988582,-13.47778 -2.134631,-3.6419 -3.663326,-7.61137 -4.780945,-11.67505 -0.856413,-3.05954 -1.391671,-6.19614 -2.042545,-9.302791 C 9.8967179,95.66793 9.2308349,91.441539 8.6741679,87.202289 8.1453329,82.648321 8.3037689,78.040822 8.7619469,73.486839 8.6870169,71.185232 7.9590596,68.969264 7.4837501,66.729745 6.9934547,64.864908 6.6209151,62.970094 6.034272,61.133089 5.2527963,58.133503 4.8781155,55.052559 4.4284991,51.990883 3.9660354,49.839147 3.9895873,47.612473 4.2379461,45.435044 c 0.072799,-0.749359 0.246219,-1.49444 0.2012791,-2.250225 -0.5267146,0.790043 -0.4838731,1.830583 -1.0790797,2.594932 -0.068539,-1.288901 0.1798469,-2.6142 0.8328607,-3.740383 0.3746809,-0.629464 0.7001179,-1.28676 1.0212725,-1.948339 -0.5138473,0.515989 -0.9698875,1.119761 -1.6443335,1.438774 0.1327471,-1.804889 1.3317209,-3.277919 2.0939284,-4.858001 1.26747,-2.714828 3.8645413,-4.613924 6.6778574,-5.496028 2.744824,-0.873541 5.660908,-1.098349 8.525608,-0.961324 1.875544,0.267629 3.868825,0.678707 5.331148,1.97189 1.372401,1.192555 2.751248,2.376546 4.119367,3.575524 0.794323,0.627322 1.873402,0.2505 2.766192,0.07279 2.684854,-0.730091 5.388976,-1.383106 8.097403,-2.027557 2.24166,-0.569514 4.549692,-1.008426 6.874852,-0.909938 0.702259,0.01713 1.37238,0.259064 1.976173,0.614476 -3.121625,2.400098 -6.735686,4.052973 -9.942974,6.33103 -1.834842,1.26535 -3.648296,2.609919 -5.069941,4.342014 -1.749223,1.629325 -2.378687,4.072242 -2.519994,6.380274 -0.18841,2.295186 -0.370398,4.780924 0.753644,6.883417 1.879825,2.999585 4.010151,5.830029 6.076247,8.703293 2.485739,3.477036 5.091373,6.894117 7.08037,10.690167 1.841288,3.344293 2.618483,7.116802 3.900983,10.68375 1.025531,-1.01485 1.894811,-2.181702 2.988879,-3.130186 -0.451757,-2.759787 -0.974169,-5.530282 -0.942054,-8.337183 0.01072,-2.209545 0.276193,-4.41266 0.655177,-6.587949 0.192672,-0.935631 0.554527,-1.909799 1.338146,-2.511429 0.229067,-0.224809 0.608052,-0.376823 0.610193,-0.755785 1.336004,-10.298363 1.687132,-20.684507 2.297327,-31.042818 0.171239,-2.549969 0.329655,-5.106361 0.640104,-7.643483 z" id="woodpecker" style="stroke:#000000;stroke-width:0.0200829"/></g></clipPath></defs></svg>